---
source: crates/ic-lint/tests/ambiguous_precedence_edge_cases.rs
expression: test_lint(idl)
---
! ambiguous-precedence: operator `&` has lower precedence than `+`
  @ test.idl:2:24

 2 │ const long test1 = (1) & (2) + (3);
   │                        ˆ ˆˆˆˆˆˆˆˆˆ than this expression
   │                        └─ this operator has lower precedence
 3 │ const long test2 = ((1)) & ((2)) + ((3));
 4 │ const long test3 = (((a))) | (((b))) & (((c)));

  ? add parentheses to clarify the intended order of operations

! ambiguous-precedence: operator `&` has lower precedence than `+`
  @ test.idl:3:26

 2 │ const long test1 = (1) & (2) + (3);
 3 │ const long test2 = ((1)) & ((2)) + ((3));
   │                          ˆ ˆˆˆˆˆˆˆˆˆˆˆˆˆ than this expression
   │                          └─ this operator has lower precedence
 4 │ const long test3 = (((a))) | (((b))) & (((c)));

  ? add parentheses to clarify the intended order of operations

! ambiguous-precedence: operator `|` has lower precedence than `&`
  @ test.idl:4:28

 2 │ const long test1 = (1) & (2) + (3);
 3 │ const long test2 = ((1)) & ((2)) + ((3));
 4 │ const long test3 = (((a))) | (((b))) & (((c)));
   │                            ˆ ˆˆˆˆˆˆˆˆˆˆˆˆˆˆˆˆˆ than this expression
   │                            └─ this operator has lower precedence
 5 │ 
 6 │ const long test5 = a1 & a2 + a3 | a4 ^ a5 & a6 + a7 | a8 ^ a9 & a10 + a11;

  ? add parentheses to clarify the intended order of operations

! ambiguous-precedence: operator `|` has lower precedence than `&`
  @ test.idl:6:33

 4 │ const long test3 = (((a))) | (((b))) & (((c)));
 5 │ 
 6 │ const long test5 = a1 & a2 + a3 | a4 ^ a5 & a6 + a7 | a8 ^ a9 & a10 + a11;
   │                    ˆˆˆˆˆˆˆˆˆˆˆˆ ˆ this operator has lower precedence
   │                    └─ than this expression
 7 │ 
 8 │ const long array_size = MAX_SIZE & ALIGN_MASK + 1;

  ? add parentheses to clarify the intended order of operations

! ambiguous-precedence: operator `&` has lower precedence than `+`
  @ test.idl:6:23

 4 │ const long test3 = (((a))) | (((b))) & (((c)));
 5 │ 
 6 │ const long test5 = a1 & a2 + a3 | a4 ^ a5 & a6 + a7 | a8 ^ a9 & a10 + a11;
   │                       ˆ ˆˆˆˆˆˆˆ than this expression
   │                       └─ this operator has lower precedence
 7 │ 
 8 │ const long array_size = MAX_SIZE & ALIGN_MASK + 1;

  ? add parentheses to clarify the intended order of operations

! ambiguous-precedence: operator `|` has lower precedence than `^`
  @ test.idl:6:33

 4 │ const long test3 = (((a))) | (((b))) & (((c)));
 5 │ 
 6 │ const long test5 = a1 & a2 + a3 | a4 ^ a5 & a6 + a7 | a8 ^ a9 & a10 + a11;
   │                                 ˆ ˆˆˆˆˆˆˆˆˆˆˆˆˆˆˆˆˆ than this expression
   │                                 └─ this operator has lower precedence
 7 │ 
 8 │ const long array_size = MAX_SIZE & ALIGN_MASK + 1;

  ? add parentheses to clarify the intended order of operations

! ambiguous-precedence: operator `^` has lower precedence than `&`
  @ test.idl:6:38

 4 │ const long test3 = (((a))) | (((b))) & (((c)));
 5 │ 
 6 │ const long test5 = a1 & a2 + a3 | a4 ^ a5 & a6 + a7 | a8 ^ a9 & a10 + a11;
   │                                      ˆ ˆˆˆˆˆˆˆˆˆˆˆˆ than this expression
   │                                      └─ this operator has lower precedence
 7 │ 
 8 │ const long array_size = MAX_SIZE & ALIGN_MASK + 1;

  ? add parentheses to clarify the intended order of operations

! ambiguous-precedence: operator `&` has lower precedence than `+`
  @ test.idl:6:43

 4 │ const long test3 = (((a))) | (((b))) & (((c)));
 5 │ 
 6 │ const long test5 = a1 & a2 + a3 | a4 ^ a5 & a6 + a7 | a8 ^ a9 & a10 + a11;
   │                                           ˆ ˆˆˆˆˆˆˆ than this expression
   │                                           └─ this operator has lower precedence
 7 │ 
 8 │ const long array_size = MAX_SIZE & ALIGN_MASK + 1;

  ? add parentheses to clarify the intended order of operations

! ambiguous-precedence: operator `|` has lower precedence than `^`
  @ test.idl:6:53

 4 │ const long test3 = (((a))) | (((b))) & (((c)));
 5 │ 
 6 │ const long test5 = a1 & a2 + a3 | a4 ^ a5 & a6 + a7 | a8 ^ a9 & a10 + a11;
   │                                                     ˆ ˆˆˆˆˆˆˆˆˆˆˆˆˆˆˆˆˆˆˆ than this expression
   │                                                     └─ this operator has lower precedence
 7 │ 
 8 │ const long array_size = MAX_SIZE & ALIGN_MASK + 1;

  ? add parentheses to clarify the intended order of operations

! ambiguous-precedence: operator `^` has lower precedence than `&`
  @ test.idl:6:58

 4 │ const long test3 = (((a))) | (((b))) & (((c)));
 5 │ 
 6 │ const long test5 = a1 & a2 + a3 | a4 ^ a5 & a6 + a7 | a8 ^ a9 & a10 + a11;
   │                                                          ˆ ˆˆˆˆˆˆˆˆˆˆˆˆˆˆ than this expression
   │                                                          └─ this operator has lower precedence
 7 │ 
 8 │ const long array_size = MAX_SIZE & ALIGN_MASK + 1;

  ? add parentheses to clarify the intended order of operations

! ambiguous-precedence: operator `&` has lower precedence than `+`
  @ test.idl:6:63

 4 │ const long test3 = (((a))) | (((b))) & (((c)));
 5 │ 
 6 │ const long test5 = a1 & a2 + a3 | a4 ^ a5 & a6 + a7 | a8 ^ a9 & a10 + a11;
   │                                                               ˆ ˆˆˆˆˆˆˆˆˆ than this expression
   │                                                               └─ this operator has lower precedence
 7 │ 
 8 │ const long array_size = MAX_SIZE & ALIGN_MASK + 1;

  ? add parentheses to clarify the intended order of operations

! ambiguous-precedence: operator `&` has lower precedence than `+`
  @ test.idl:8:34

 6 │ const long test5 = a1 & a2 + a3 | a4 ^ a5 & a6 + a7 | a8 ^ a9 & a10 + a11;
 7 │ 
 8 │ const long array_size = MAX_SIZE & ALIGN_MASK + 1;
   │                                  ˆ ˆˆˆˆˆˆˆˆˆˆˆˆˆˆ than this expression
   │                                  └─ this operator has lower precedence

  ? add parentheses to clarify the intended order of operations
