---
source: crates/ic-lint/tests/ambiguous_precedence.rs
expression: test_lint(idl)
---
warning[ambiguous_precedence]: operator `|` has lower precedence than `&`
    ┌ test.idl:8:20
    │
  5 │ };
  6 │ 
  7 │ // In arrays
  8 │ const long array[1 | 2 & 3] = { 0 };  // Should warn in array size
    ·                    ^ ^^^^^ than this expression
    ·                    └─ this operator has lower precedence
  9 │ 
 10 │ // In enum values (if assignment expressions were supported)
 11 │ enum Flags {
    └──
 help: add parentheses to clarify the intended order of operations

warning[ambiguous_precedence]: operator `|` has lower precedence than `&`
    ┌ test.idl:21:27
    │
 19 │ // In module
 20 │ module Test {
 21 │     const long nested = 1 | 2 & 3;  // Should warn in nested context
    ·                           ^ ^^^^^ than this expression
    ·                           └─ this operator has lower precedence
 22 │ 
 23 │     struct Inner {
 24 │         long value;
    └──
 help: add parentheses to clarify the intended order of operations

warning[ambiguous_precedence]: operator `|` has lower precedence than `^`
    ┌ test.idl:37:24
    │
 34 │ };
 35 │ 
 36 │ // Multiple issues on same line
 37 │ const long complex = 1 | 2 & 3 ^ 4 + 5;  // Multiple warnings
    ·                        ^ ^^^^^^^^^^^^^ than this expression
    ·                        └─ this operator has lower precedence
    └──
 help: add parentheses to clarify the intended order of operations

warning[ambiguous_precedence]: operator `^` has lower precedence than `&`
    ┌ test.idl:37:32
    │
 34 │ };
 35 │ 
 36 │ // Multiple issues on same line
 37 │ const long complex = 1 | 2 & 3 ^ 4 + 5;  // Multiple warnings
    ·                          ^^^^^ ^ this operator has lower precedence
    ·                          └─ than this expression
    └──
 help: add parentheses to clarify the intended order of operations

warning[ambiguous_precedence]: operator `^` has lower precedence than `+`
    ┌ test.idl:37:32
    │
 34 │ };
 35 │ 
 36 │ // Multiple issues on same line
 37 │ const long complex = 1 | 2 & 3 ^ 4 + 5;  // Multiple warnings
    ·                                ^ ^^^^^ than this expression
    ·                                └─ this operator has lower precedence
    └──
 help: add parentheses to clarify the intended order of operations

warning[complex_lit]: complex literals are an InterCOM extension
    ┌ test.idl:8:33
    │
  5 │ };
  6 │ 
  7 │ // In arrays
  8 │ const long array[1 | 2 & 3] = { 0 };  // Should warn in array size
    ·            ^^^^^                ^ complex constants are an InterCOM extension
    ·            └─ const defined here
  9 │ 
 10 │ // In enum values (if assignment expressions were supported)
 11 │ enum Flags {
    └──
 note: only literals of trivial types are allowed in standard IDL
