---
source: crates/ic-lint/tests/ambiguous_precedence.rs
expression: check_ambiguous_precedence(idl)
---
warning: operator `|` has lower precedence than `&`
   ┌ test.idl:8:44
   │
 8 │ const long DEFAULT_PERMS = READ_PERMISSION | WRITE_PERMISSION & 0xFF;
   ·                                            ^ ^^^^^^^^^^^^^^^^^^^^^^^ than this expression
   ·                                            └─ this operator has lower precedence
   └──
 help: add parentheses to clarify the intended order of operations

warning: operator `&` has lower precedence than `+`
    ┌ test.idl:11:34
    │
 11 │ const long MASKED_VALUE = 0xF0F0 & 0x1234 + 1;  // Arithmetic happens first!
    ·                                  ^ ^^^^^^^^^^ than this expression
    ·                                  └─ this operator has lower precedence
    └──
 help: add parentheses to clarify the intended order of operations

warning: operator `|` has lower precedence than `&`
    ┌ test.idl:15:50
    │
 15 │ const long TEST_FLAGS = HAS_RW & READ_PERMISSION | EXEC_PERMISSION;
    ·                         ^^^^^^^^^^^^^^^^^^^^^^^^ ^ this operator has lower precedence
    ·                         └─ than this expression
    └──
 help: add parentheses to clarify the intended order of operations
