---
source: crates/ic-lint/tests/ambiguous_precedence_shift_operators.rs
expression: check_ambiguous_precedence(idl)
---
warning[ambiguous_precedence]: operator `&` has lower precedence than `<<`
   ┌ test.idl:2:22
   │
 2 │ const long test1 = 1 & 2 << 3;
   ·                      ^ ^^^^^^ than this expression
   ·                      └─ this operator has lower precedence
   └──
 help: add parentheses to clarify the intended order of operations

warning[ambiguous_precedence]: operator `&` has lower precedence than `<<`
   ┌ test.idl:3:27
   │
 3 │ const long test2 = 1 << 2 & 3;
   ·                    ^^^^^^ ^ this operator has lower precedence
   ·                    └─ than this expression
   └──
 help: add parentheses to clarify the intended order of operations

warning[ambiguous_precedence]: operator `|` has lower precedence than `>>`
   ┌ test.idl:4:22
   │
 4 │ const long test3 = 1 | 2 >> 3;
   ·                      ^ ^^^^^^ than this expression
   ·                      └─ this operator has lower precedence
   └──
 help: add parentheses to clarify the intended order of operations

warning[ambiguous_precedence]: operator `|` has lower precedence than `>>`
   ┌ test.idl:5:27
   │
 5 │ const long test4 = 1 >> 2 | 3;
   ·                    ^^^^^^ ^ this operator has lower precedence
   ·                    └─ than this expression
   └──
 help: add parentheses to clarify the intended order of operations

warning[ambiguous_precedence]: operator `^` has lower precedence than `<<`
   ┌ test.idl:7:22
   │
 7 │ const long test5 = 1 ^ 2 << 3;
   ·                      ^ ^^^^^^ than this expression
   ·                      └─ this operator has lower precedence
   └──
 help: add parentheses to clarify the intended order of operations

warning[ambiguous_precedence]: operator `^` has lower precedence than `<<`
   ┌ test.idl:8:27
   │
 8 │ const long test6 = 1 << 2 ^ 3;
   ·                    ^^^^^^ ^ this operator has lower precedence
   ·                    └─ than this expression
   └──
 help: add parentheses to clarify the intended order of operations

warning[ambiguous_precedence]: operator `|` has lower precedence than `&`
    ┌ test.idl:10:22
    │
 10 │ const long test7 = 1 | 2 & 3 << 4;
    ·                      ^ ^^^^^^^^^^ than this expression
    ·                      └─ this operator has lower precedence
    └──
 help: add parentheses to clarify the intended order of operations

warning[ambiguous_precedence]: operator `&` has lower precedence than `<<`
    ┌ test.idl:10:26
    │
 10 │ const long test7 = 1 | 2 & 3 << 4;
    ·                          ^ ^^^^^^ than this expression
    ·                          └─ this operator has lower precedence
    └──
 help: add parentheses to clarify the intended order of operations

warning[ambiguous_precedence]: operator `&` has lower precedence than `<<`
    ┌ test.idl:11:31
    │
 11 │ const long test8 = 1 << 2 + 3 & 4;
    ·                    ^^^^^^^^^^ ^ this operator has lower precedence
    ·                    └─ than this expression
    └──
 help: add parentheses to clarify the intended order of operations

warning[ambiguous_precedence]: operator `<<` has lower precedence than `+`
    ┌ test.idl:11:22
    │
 11 │ const long test8 = 1 << 2 + 3 & 4;
    ·                      ^^ ^^^^^ than this expression
    ·                      └─ this operator has lower precedence
    └──
 help: add parentheses to clarify the intended order of operations
