---
source: crates/ic-lint/tests/ambiguous_precedence.rs
expression: test_lint(idl)
---
warning[ambiguous_precedence]: operator `|` has lower precedence than `&`
   ┌ test.idl:8:20
   │
 8 │ const long array[1 | 2 & 3] = { 0 };  // Should warn in array size
   ·                    ^ ^^^^^ than this expression
   ·                    └─ this operator has lower precedence
   └──
 help: add parentheses to clarify the intended order of operations

warning[ambiguous_precedence]: operator `|` has lower precedence than `&`
    ┌ test.idl:21:27
    │
 21 │     const long nested = 1 | 2 & 3;  // Should warn in nested context
    ·                           ^ ^^^^^ than this expression
    ·                           └─ this operator has lower precedence
    └──
 help: add parentheses to clarify the intended order of operations

warning[ambiguous_precedence]: operator `|` has lower precedence than `^`
    ┌ test.idl:37:24
    │
 37 │ const long complex = 1 | 2 & 3 ^ 4 + 5;  // Multiple warnings
    ·                        ^ ^^^^^^^^^^^^^ than this expression
    ·                        └─ this operator has lower precedence
    └──
 help: add parentheses to clarify the intended order of operations

warning[ambiguous_precedence]: operator `^` has lower precedence than `&`
    ┌ test.idl:37:32
    │
 37 │ const long complex = 1 | 2 & 3 ^ 4 + 5;  // Multiple warnings
    ·                          ^^^^^ ^ this operator has lower precedence
    ·                          └─ than this expression
    └──
 help: add parentheses to clarify the intended order of operations

warning[ambiguous_precedence]: operator `^` has lower precedence than `+`
    ┌ test.idl:37:32
    │
 37 │ const long complex = 1 | 2 & 3 ^ 4 + 5;  // Multiple warnings
    ·                                ^ ^^^^^ than this expression
    ·                                └─ this operator has lower precedence
    └──
 help: add parentheses to clarify the intended order of operations

warning[complex_lit]: complex literals are an InterCOM extension
   ┌ test.idl:8:33
   │
 8 │ const long array[1 | 2 & 3] = { 0 };  // Should warn in array size
   ·            ^^^^^                ^ complex constants are an InterCOM extension
   ·            └─ const defined here
   └──
 note: only literals of trivial types are allowed in standard IDL
