---
source: crates/ic-lint/tests/ambiguous_precedence_edge_cases.rs
expression: test_lint(idl)
---
warning[ambiguous_precedence]: operator `|` has lower precedence than `&`
   ┌ test.idl:2:21
   │
 2 │ const long test1 = 1|2&3;
   ·                     ^^^^ than this expression
   ·                     └─ this operator has lower precedence
 3 │ const long test2 = 1 | 2 & 3;
 4 │ const long test3 = 1  |  2  &  3;
   └──
 help: add parentheses to clarify the intended order of operations

warning[ambiguous_precedence]: operator `|` has lower precedence than `&`
   ┌ test.idl:3:22
   │
 2 │ const long test1 = 1|2&3;
 3 │ const long test2 = 1 | 2 & 3;
   ·                      ^ ^^^^^ than this expression
   ·                      └─ this operator has lower precedence
 4 │ const long test3 = 1  |  2  &  3;
 5 │ const long test4 = 1
   └──
 help: add parentheses to clarify the intended order of operations

warning[ambiguous_precedence]: operator `|` has lower precedence than `&`
   ┌ test.idl:4:23
   │
 2 │ const long test1 = 1|2&3;
 3 │ const long test2 = 1 | 2 & 3;
 4 │ const long test3 = 1  |  2  &  3;
   ·                       ^  ^^^^^^^ than this expression
   ·                       └─ this operator has lower precedence
 5 │ const long test4 = 1
 6 │     | 2
   └──
 help: add parentheses to clarify the intended order of operations

warning[ambiguous_precedence]: operator `|` has lower precedence than `&`
    ┌ test.idl:6:5
    │
  4 │ const long test3 = 1  |  2  &  3;
  5 │ const long test4 = 1
  6 │     | 2
    ·     ^ ^ than this expression
    ·     └─ this operator has lower precedence
  7 │     & 3;
    · ^^^^^^^
  8 │ 
  9 │ const long test5 = 1 /* comment */ | 2 /* another */ & 3;
 10 │ const long test6 = 1 | /* bitwise or */ 2 & /* bitwise and */ 3;
    └──
 help: add parentheses to clarify the intended order of operations

warning[ambiguous_precedence]: operator `|` has lower precedence than `&`
    ┌ test.idl:9:36
    │
  6 │     | 2
  7 │     & 3;
  8 │ 
  9 │ const long test5 = 1 /* comment */ | 2 /* another */ & 3;
    ·                                    ^ ^^^^^^^^^^^^^^^^^^^ than this expression
    ·                                    └─ this operator has lower precedence
 10 │ const long test6 = 1 | /* bitwise or */ 2 & /* bitwise and */ 3;
 11 │ 
 12 │ const long test7 = 1|(2&3);
    └──
 help: add parentheses to clarify the intended order of operations

warning[ambiguous_precedence]: operator `|` has lower precedence than `&`
    ┌ test.idl:10:22
    │
  7 │     & 3;
  8 │ 
  9 │ const long test5 = 1 /* comment */ | 2 /* another */ & 3;
 10 │ const long test6 = 1 | /* bitwise or */ 2 & /* bitwise and */ 3;
    ·                      ^                  ^^^^^^^^^^^^^^^^^^^^^^^ than this expression
    ·                      └─ this operator has lower precedence
 11 │ 
 12 │ const long test7 = 1|(2&3);
 13 │ const long test8 = 1 | ( 2 & 3 );
    └──
 help: add parentheses to clarify the intended order of operations
