---
source: crates/ic-lint/tests/ambiguous_precedence.rs
expression: test_lint(idl)
---
! ambiguous-precedence: operator `|` has lower precedence than `&`
  @ test.idl:8:44

  7 │ // This pattern is common but potentially confusing
  8 │ const long DEFAULT_PERMS = READ_PERMISSION | WRITE_PERMISSION & 0xFF;
    │                                            ˆ ˆˆˆˆˆˆˆˆˆˆˆˆˆˆˆˆˆˆˆˆˆˆˆ than this expression
    │                                            └─ this operator has lower precedence
  9 │ 
 10 │ // Bit masking operations

  ? add parentheses to clarify the intended order of operations

! ambiguous-precedence: operator `&` has lower precedence than `+`
  @ test.idl:11:34

 10 │ // Bit masking operations
 11 │ const long MASKED_VALUE = 0xF0F0 & 0x1234 + 1;  // Arithmetic happens first!
    │                                  ˆ ˆˆˆˆˆˆˆˆˆˆ than this expression
    │                                  └─ this operator has lower precedence
 12 │ 
 13 │ // Flag checking patterns

  ? add parentheses to clarify the intended order of operations

! ambiguous-precedence: operator `|` has lower precedence than `&`
  @ test.idl:15:50

 13 │ // Flag checking patterns
 14 │ const long HAS_RW = READ_PERMISSION | WRITE_PERMISSION;
 15 │ const long TEST_FLAGS = HAS_RW & READ_PERMISSION | EXEC_PERMISSION;
    │                         ˆˆˆˆˆˆˆˆˆˆˆˆˆˆˆˆˆˆˆˆˆˆˆˆ ˆ this operator has lower precedence
    │                         └─ than this expression

  ? add parentheses to clarify the intended order of operations
