---
source: crates/ic-lint/tests/ambiguous_precedence_edge_cases.rs
expression: check_ambiguous_precedence(idl)
---
warning: operator `|` has lower precedence than `&`
   ┌ test.idl:2:21
   │
 2 │ const long test1 = 1|2&3;
   ·                     ^^^^ than this expression
   ·                     └─ this operator has lower precedence
   └──
 help: add parentheses to clarify the intended order of operations

warning: operator `|` has lower precedence than `&`
   ┌ test.idl:3:22
   │
 3 │ const long test2 = 1 | 2 & 3;
   ·                      ^ ^^^^^ than this expression
   ·                      └─ this operator has lower precedence
   └──
 help: add parentheses to clarify the intended order of operations

warning: operator `|` has lower precedence than `&`
   ┌ test.idl:4:23
   │
 4 │ const long test3 = 1  |  2  &  3;
   ·                       ^  ^^^^^^^ than this expression
   ·                       └─ this operator has lower precedence
   └──
 help: add parentheses to clarify the intended order of operations

warning: operator `|` has lower precedence than `&`
   ┌ test.idl:6:5
   │
 6 │     | 2
   ·     ^ ^ than this expression
   ·     └─ this operator has lower precedence
 7 │     & 3;
   · ^^^^^^^
   └──
 help: add parentheses to clarify the intended order of operations

warning: operator `|` has lower precedence than `&`
   ┌ test.idl:9:36
   │
 9 │ const long test5 = 1 /* comment */ | 2 /* another */ & 3;
   ·                                    ^ ^^^^^^^^^^^^^^^^^^^ than this expression
   ·                                    └─ this operator has lower precedence
   └──
 help: add parentheses to clarify the intended order of operations

warning: operator `|` has lower precedence than `&`
    ┌ test.idl:10:22
    │
 10 │ const long test6 = 1 | /* bitwise or */ 2 & /* bitwise and */ 3;
    ·                      ^                  ^^^^^^^^^^^^^^^^^^^^^^^ than this expression
    ·                      └─ this operator has lower precedence
    └──
 help: add parentheses to clarify the intended order of operations
