---
source: crates/ic-lint/tests/ambiguous_precedence_edge_cases.rs
expression: check_ambiguous_precedence(idl)
---
warning[ambiguous_precedence]: operator `&` has lower precedence than `+`
   ┌ test.idl:2:24
   │
 2 │ const long test1 = (1) & (2) + (3);
   ·                        ^ ^^^^^^^^^ than this expression
   ·                        └─ this operator has lower precedence
   └──
 help: add parentheses to clarify the intended order of operations

warning[ambiguous_precedence]: operator `&` has lower precedence than `+`
   ┌ test.idl:3:26
   │
 3 │ const long test2 = ((1)) & ((2)) + ((3));
   ·                          ^ ^^^^^^^^^^^^^ than this expression
   ·                          └─ this operator has lower precedence
   └──
 help: add parentheses to clarify the intended order of operations

warning[ambiguous_precedence]: operator `|` has lower precedence than `&`
   ┌ test.idl:4:28
   │
 4 │ const long test3 = (((a))) | (((b))) & (((c)));
   ·                            ^ ^^^^^^^^^^^^^^^^^ than this expression
   ·                            └─ this operator has lower precedence
   └──
 help: add parentheses to clarify the intended order of operations

warning[ambiguous_precedence]: operator `|` has lower precedence than `&`
   ┌ test.idl:6:33
   │
 6 │ const long test5 = a1 & a2 + a3 | a4 ^ a5 & a6 + a7 | a8 ^ a9 & a10 + a11;
   ·                    ^^^^^^^^^^^^ ^ this operator has lower precedence
   ·                    └─ than this expression
   └──
 help: add parentheses to clarify the intended order of operations

warning[ambiguous_precedence]: operator `&` has lower precedence than `+`
   ┌ test.idl:6:23
   │
 6 │ const long test5 = a1 & a2 + a3 | a4 ^ a5 & a6 + a7 | a8 ^ a9 & a10 + a11;
   ·                       ^ ^^^^^^^ than this expression
   ·                       └─ this operator has lower precedence
   └──
 help: add parentheses to clarify the intended order of operations

warning[ambiguous_precedence]: operator `|` has lower precedence than `^`
   ┌ test.idl:6:33
   │
 6 │ const long test5 = a1 & a2 + a3 | a4 ^ a5 & a6 + a7 | a8 ^ a9 & a10 + a11;
   ·                                 ^ ^^^^^^^^^^^^^^^^^ than this expression
   ·                                 └─ this operator has lower precedence
   └──
 help: add parentheses to clarify the intended order of operations

warning[ambiguous_precedence]: operator `^` has lower precedence than `&`
   ┌ test.idl:6:38
   │
 6 │ const long test5 = a1 & a2 + a3 | a4 ^ a5 & a6 + a7 | a8 ^ a9 & a10 + a11;
   ·                                      ^ ^^^^^^^^^^^^ than this expression
   ·                                      └─ this operator has lower precedence
   └──
 help: add parentheses to clarify the intended order of operations

warning[ambiguous_precedence]: operator `&` has lower precedence than `+`
   ┌ test.idl:6:43
   │
 6 │ const long test5 = a1 & a2 + a3 | a4 ^ a5 & a6 + a7 | a8 ^ a9 & a10 + a11;
   ·                                           ^ ^^^^^^^ than this expression
   ·                                           └─ this operator has lower precedence
   └──
 help: add parentheses to clarify the intended order of operations

warning[ambiguous_precedence]: operator `|` has lower precedence than `^`
   ┌ test.idl:6:53
   │
 6 │ const long test5 = a1 & a2 + a3 | a4 ^ a5 & a6 + a7 | a8 ^ a9 & a10 + a11;
   ·                                                     ^ ^^^^^^^^^^^^^^^^^^^ than this expression
   ·                                                     └─ this operator has lower precedence
   └──
 help: add parentheses to clarify the intended order of operations

warning[ambiguous_precedence]: operator `^` has lower precedence than `&`
   ┌ test.idl:6:58
   │
 6 │ const long test5 = a1 & a2 + a3 | a4 ^ a5 & a6 + a7 | a8 ^ a9 & a10 + a11;
   ·                                                          ^ ^^^^^^^^^^^^^^ than this expression
   ·                                                          └─ this operator has lower precedence
   └──
 help: add parentheses to clarify the intended order of operations

warning[ambiguous_precedence]: operator `&` has lower precedence than `+`
   ┌ test.idl:6:63
   │
 6 │ const long test5 = a1 & a2 + a3 | a4 ^ a5 & a6 + a7 | a8 ^ a9 & a10 + a11;
   ·                                                               ^ ^^^^^^^^^ than this expression
   ·                                                               └─ this operator has lower precedence
   └──
 help: add parentheses to clarify the intended order of operations

warning[ambiguous_precedence]: operator `&` has lower precedence than `+`
   ┌ test.idl:8:34
   │
 8 │ const long array_size = MAX_SIZE & ALIGN_MASK + 1;
   ·                                  ^ ^^^^^^^^^^^^^^ than this expression
   ·                                  └─ this operator has lower precedence
   └──
 help: add parentheses to clarify the intended order of operations
