---
source: crates/ic-lint/tests/ambiguous_precedence_shift_operators.rs
expression: check_ambiguous_precedence(idl)
---
warning[ambiguous_precedence]: operator `&` has lower precedence than `>>`
   ┌ test.idl:5:36
   │
 5 │ const long test1 = value >> offset & mask;
   ·                    ^^^^^^^^^^^^^^^ ^ this operator has lower precedence
   ·                    └─ than this expression
   └──
 help: add parentheses to clarify the intended order of operations

warning[ambiguous_precedence]: operator `&` has lower precedence than `<<`
   ┌ test.idl:7:26
   │
 7 │ const long test3 = value & mask << offset;
   ·                          ^ ^^^^^^^^^^^^^^ than this expression
   ·                          └─ this operator has lower precedence
   └──
 help: add parentheses to clarify the intended order of operations

warning[ambiguous_precedence]: operator `|` has lower precedence than `<<`
    ┌ test.idl:10:26
    │
 10 │ const long test5 = flags | 1 << bit;
    ·                          ^ ^^^^^^^^ than this expression
    ·                          └─ this operator has lower precedence
    └──
 help: add parentheses to clarify the intended order of operations

warning[ambiguous_precedence]: operator `&` has lower precedence than `<<`
    ┌ test.idl:13:26
    │
 13 │ const long test8 = flags & ~1 << bit;
    ·                          ^ ^^^^^^^^^ than this expression
    ·                          └─ this operator has lower precedence
    └──
 help: add parentheses to clarify the intended order of operations

warning[ambiguous_precedence]: operator `&` has lower precedence than `>>`
    ┌ test.idl:15:34
    │
 15 │ const long test9 = data >> start & (1 << length) - 1;
    ·                    ^^^^^^^^^^^^^ ^ this operator has lower precedence
    ·                    └─ than this expression
    └──
 help: add parentheses to clarify the intended order of operations

warning[ambiguous_precedence]: operator `&` has lower precedence than `-`
    ┌ test.idl:15:34
    │
 15 │ const long test9 = data >> start & (1 << length) - 1;
    ·                                  ^ ^^^^^^^^^^^^^^^^^ than this expression
    ·                                  └─ this operator has lower precedence
    └──
 help: add parentheses to clarify the intended order of operations
