---
source: crates/ic-lint/tests/ambiguous_precedence_shift_operators.rs
expression: check_ambiguous_precedence(idl)
---
warning[ambiguous_precedence]: operator `<<` has lower precedence than `+`
   ┌ test.idl:2:22
   │
 2 │ const long test1 = 1 << 2 + 3;
   ·                      ^^ ^^^^^ than this expression
   ·                      └─ this operator has lower precedence
   └──
 help: add parentheses to clarify the intended order of operations

warning[ambiguous_precedence]: operator `>>` has lower precedence than `-`
   ┌ test.idl:4:22
   │
 4 │ const long test3 = 1 >> 2 - 3;
   ·                      ^^ ^^^^^ than this expression
   ·                      └─ this operator has lower precedence
   └──
 help: add parentheses to clarify the intended order of operations
