---
source: crates/ic-lint/tests/ann_template.rs
expression: test_lint(source)
---
⨯ ann-template: element types cannot be annotated
  @ test.idl:3:15

 2 │ struct Foo {
 3 │     sequence<@key long> field;
   │               ˆˆˆ invalid use of annotation
 4 │ };

  ? create a typedef for the element type and apply the annotation there
