---
source: crates/ic-lint/tests/ann_members.rs
expression: test_lint(source)
---
error[ann-members]: only consts, typedefs and enums can be defined in annotations
   ┌ test.idl:4:16
   │
 2 │ module MyModule {
 3 │     @annotation BadAnn {
 4 │         struct Point {
   ·                ^^^^^ `struct`s are not allowed in annotations
 5 │             long x;
 6 │             long y;
   └──
