---
source: crates/ic-lint/tests/any_type.rs
expression: test_lint_hir(source)
---
! any-type: the 'any' type is not fully supported
  @ test.idl:3:13

 2 │ interface Service {
 3 │     any getData();
   │     ˆˆˆ 'any' type used here
 4 │     void setData(in any value);
 5 │ };

  ? consider using a concrete type

! any-type: the 'any' type is not fully supported
  @ test.idl:4:29

 2 │ interface Service {
 3 │     any getData();
 4 │     void setData(in any value);
   │                     ˆˆˆ 'any' type used here
 5 │ };

  ? consider using a concrete type
