---
source: crates/ic-lint/tests/array_param.rs
expression: test_lint(source)
---
warning[array_param]: using arrays as parameters in prototypes is not standard
   ┌ test.idl:3:40
   │
 3 │             void fill_buffer(out octet buffer[1024]);
   ·                                        ^^^^^^ this parameter is an array
   └──
 note: standard IDL does not permit arrays as parameters

warning[array_param]: using arrays as parameters in prototypes is not standard
   ┌ test.idl:4:45
   │
 4 │             void process_buffer(inout octet buffer[512]);
   ·                                             ^^^^^^ this parameter is an array
   └──
 note: standard IDL does not permit arrays as parameters
