---
source: crates/ic-lint/tests/ascii.rs
expression: test_lint(source)
---
⨯ ascii: identifiers can only consist of alphanumeric ASCII characters
  @ test.idl:5:9

 3 │ enum Status {
 4 │     PENDING,
 5 │     ACTÍVE,     // Non-ASCII in enum value
   │     ˆˆˆˆˆˆ non-ASCII identifier
 6 │     COMPLETED
 7 │ };

⨯ ascii: identifiers can only consist of alphanumeric ASCII characters
  @ test.idl:9:15

  7 │ };
  8 │ 
  9 │ interface Sërvice {  // Non-ASCII in interface name
    │           ˆˆˆˆˆˆˆ non-ASCII identifier
 10 │     void doSomething();
 11 │ };
