---
source: crates/ic-lint/tests/ascii.rs
expression: test_lint(source)
---
⨯ ascii: identifiers can only consist of alphanumeric ASCII characters
  @ test.idl:2:8

 2 │ module MóduloEspañol {
   │        ˆˆˆˆˆˆˆˆˆˆˆˆˆ non-ASCII identifier
 3 │     struct Coordenada {
 4 │         long x;

⨯ ascii: identifiers can only consist of alphanumeric ASCII characters
  @ test.idl:5:14

 3 │ struct Coordenada {
 4 │     long x;
 5 │     long ÿ;  // Non-ASCII character
   │          ˆ non-ASCII identifier
 6 │ };

⨯ ascii: identifiers can only consist of alphanumeric ASCII characters
  @ test.idl:8:18

  6 │     };
  7 │ 
  8 │     const string café = "coffee";
    │                  ˆˆˆˆ non-ASCII identifier
  9 │ };
