---
source: crates/ic-lint/tests/bitset.rs
expression: "test_lint_hir(r\"\nbitset Flags {\n    bitfield<4> low;\n    bitfield<4> high;\n};\n\")"
---
! bitset: bitsets are not supported
  @ test.idl:2:8

 2 │ bitset Flags {
   │        ˆˆˆˆˆ defined here
 3 │     bitfield<4> low;
 4 │     bitfield<4> high;

  * the bitset will be skipped during codegen
