---
source: crates/ic-lint/tests/bitset.rs
expression: "test_lint_hir(r\"\nbitset FlagsA {\n    bitfield<1> a;\n};\n\nbitset FlagsB {\n    bitfield<1> b;\n};\n\nbitset FlagsC {\n    bitfield<1> c;\n};\n\")"
---
! bitset: bitsets are not supported
  @ test.idl:2:8

 2 │ bitset FlagsA {
   │        ˆˆˆˆˆˆ defined here
 3 │     bitfield<1> a;
 4 │ };

  * the bitset will be skipped during codegen

! bitset: bitsets are not supported
  @ test.idl:6:8

 4 │ };
 5 │ 
 6 │ bitset FlagsB {
   │        ˆˆˆˆˆˆ defined here
 7 │     bitfield<1> b;
 8 │ };

  * the bitset will be skipped during codegen

! bitset: bitsets are not supported
  @ test.idl:10:8

  8 │ };
  9 │ 
 10 │ bitset FlagsC {
    │        ˆˆˆˆˆˆ defined here
 11 │     bitfield<1> c;
 12 │ };

  * the bitset will be skipped during codegen
