---
source: crates/ic-lint/tests/case_consistency.rs
expression: test_lint_hir(source)
---
warning[case_consistency]: inconsistent capitalization: `foo` should be `FOO`
   ┌ test.idl:8:9
   │
 8 │         foo field1;    // Should warn - inconsistent with FOO
   ·         ^^^ used here
   └──
 note: the canonical name is `FOO`

warning[case_consistency]: inconsistent capitalization: `Foo` should be `FOO`
    ┌ test.idl:10:9
    │
 10 │         Foo field3;    // Should warn - inconsistent with FOO
    ·         ^^^ used here
    └──
 note: the canonical name is `FOO`
