---
source: crates/ic-lint/tests/case_consistency.rs
expression: test_lint_hir(source)
---
warning[case_consistency]: inconsistent capitalization: `mystruct` should be `MyStruct`
   ┌ test.idl:8:9
   │
 8 │         mystruct myField;  // Inconsistent capitalization
   ·         ^^^^^^^^ used here
   └──
 note: the canonical name is `MyStruct`
