---
source: crates/ic-lint/tests/char_discriminator.rs
expression: output
---
warning[char_discriminator]: char types should not be used as union discriminators
   ┌ test.idl:2:38
   │
 2 │         union FirstCharUnion switch (char) {
   ·                                      ^^^^ char type
   └──
 help: consider using an integer or enum value instead

warning[char_discriminator]: char types should not be used as union discriminators
   ┌ test.idl:7:39
   │
 7 │         union SecondCharUnion switch (char) {
   ·                                       ^^^^ char type
   └──
 help: consider using an integer or enum value instead
