---
source: crates/ic-lint/tests/char_arithmetic.rs
expression: output
---
! char-arithmetic: char literal used in arithmetic expression
  @ test.idl:2:24

 2 │ const long a = 'A' + 1;
   │                ˆˆˆ char literal
 3 │ const long b = 2 - 'B';
 4 │ const long c = 'C' * 3;

  ? consider converting to an integer value

! char-arithmetic: char literal used in arithmetic expression
  @ test.idl:3:28

 2 │ const long a = 'A' + 1;
 3 │ const long b = 2 - 'B';
   │                    ˆˆˆ char literal
 4 │ const long c = 'C' * 3;
 5 │ const long d = 100 / 'D';

  ? consider converting to an integer value

! char-arithmetic: char literal used in arithmetic expression
  @ test.idl:4:24

 2 │ const long a = 'A' + 1;
 3 │ const long b = 2 - 'B';
 4 │ const long c = 'C' * 3;
   │                ˆˆˆ char literal
 5 │ const long d = 100 / 'D';
 6 │ const long e = 'E' % 10;

  ? consider converting to an integer value

! char-arithmetic: char literal used in arithmetic expression
  @ test.idl:5:30

 3 │ const long b = 2 - 'B';
 4 │ const long c = 'C' * 3;
 5 │ const long d = 100 / 'D';
   │                      ˆˆˆ char literal
 6 │ const long e = 'E' % 10;
 7 │ const long f = 'F' & 0xFF;

  ? consider converting to an integer value

! char-arithmetic: char literal used in arithmetic expression
  @ test.idl:6:24

 4 │ const long c = 'C' * 3;
 5 │ const long d = 100 / 'D';
 6 │ const long e = 'E' % 10;
   │                ˆˆˆ char literal
 7 │ const long f = 'F' & 0xFF;
 8 │ const long g = 'G' | 0x20;

  ? consider converting to an integer value

! char-arithmetic: char literal used in arithmetic expression
  @ test.idl:7:24

 5 │ const long d = 100 / 'D';
 6 │ const long e = 'E' % 10;
 7 │ const long f = 'F' & 0xFF;
   │                ˆˆˆ char literal
 8 │ const long g = 'G' | 0x20;
 9 │ const long h = 'H' ^ 0x01;

  ? consider converting to an integer value

! char-arithmetic: char literal used in arithmetic expression
  @ test.idl:8:24

  6 │ const long e = 'E' % 10;
  7 │ const long f = 'F' & 0xFF;
  8 │ const long g = 'G' | 0x20;
    │                ˆˆˆ char literal
  9 │ const long h = 'H' ^ 0x01;
 10 │ const long i = 'I' << 2;

  ? consider converting to an integer value

! char-arithmetic: char literal used in arithmetic expression
  @ test.idl:9:24

  7 │ const long f = 'F' & 0xFF;
  8 │ const long g = 'G' | 0x20;
  9 │ const long h = 'H' ^ 0x01;
    │                ˆˆˆ char literal
 10 │ const long i = 'I' << 2;
 11 │ const long j = 'J' >> 1;

  ? consider converting to an integer value

! char-arithmetic: char literal used in arithmetic expression
  @ test.idl:10:24

  8 │ const long g = 'G' | 0x20;
  9 │ const long h = 'H' ^ 0x01;
 10 │ const long i = 'I' << 2;
    │                ˆˆˆ char literal
 11 │ const long j = 'J' >> 1;

  ? consider converting to an integer value

! char-arithmetic: char literal used in arithmetic expression
  @ test.idl:11:24

  9 │ const long h = 'H' ^ 0x01;
 10 │ const long i = 'I' << 2;
 11 │ const long j = 'J' >> 1;
    │                ˆˆˆ char literal

  ? consider converting to an integer value
