---
source: crates/ic-lint/tests/char_discriminator.rs
expression: output
---
warning[char-discriminator]: char types should not be used as union discriminators
   ┌ test.idl:2:38
   │
 2 │         union FirstCharUnion switch (char) {
   ·                                      ^^^^ char type
 3 │             case 'a':
 4 │                 long value;
   └──
 help: consider using an integer or enum value instead

warning[char-discriminator]: char types should not be used as union discriminators
   ┌ test.idl:7:39
   │
 4 │                 long value;
 5 │         };
 6 │ 
 7 │         union SecondCharUnion switch (char) {
   ·                                       ^^^^ char type
 8 │             case 'b':
 9 │                 string text;
   └──
 help: consider using an integer or enum value instead
