---
source: crates/ic-lint/tests/complex_lit.rs
assertion_line: 107
expression: test_lint(source)
---
warning[complex_lit]: complex literals are an InterCOM extension
    ┌ test.idl:13:15
    │
 13 │             { 1, 2 },
    ·               ^^^^^^^ complex constants are an InterCOM extension
 14 │             "test"
    · ^^^^^^^^^^^^^^^^^^
 12 │         const Outer NESTED = {
    ·                     ^^^^^^ const defined here
    └──
 note: only literals of trivial types are allowed in standard IDL
