---
source: crates/ic-lint/tests/complex_lit.rs
expression: test_lint(source)
---
warning[complex-lit]: complex literals are non-standard
    ┌ test.idl:13:15
    │
  9 │             string name;
 10 │         };
 11 │ 
 12 │         const Outer NESTED = {
    ·                     ^^^^^^ const defined here
 13 │             { 1, 2 },
    ·               ^^^^^^^ complex constants are non-standard
 14 │             "test"
    · ^^^^^^^^^^^^^^^^^^
 15 │         };
    └──
 note: only literals of trivial types are allowed in standard IDL
