---
source: crates/ic-lint/tests/complex_lit.rs
expression: test_lint(source)
---
! complex-lit: complex literals are non-standard
  @ test.idl:8:22

  7 │ struct HasConfig {
  8 │     @default({"default", 42})
    │      ˆˆˆˆˆˆˆ ˆˆˆˆˆˆˆˆˆˆˆˆˆˆˆ complex default values are non-standard
    │      └─ in this annotation
  9 │     Config my_config;
 10 │ };

  * only literals of trivial types are allowed in standard IDL
