---
source: crates/ic-lint/tests/complex_lit.rs
assertion_line: 44
expression: test_lint(source)
---
warning[complex_lit]: complex literals are an InterCOM extension
   ┌ test.idl:7:32
   │
 7 │         const Point ORIGIN = { 0.0, 0.0 };
   ·                     ^^^^^^     ^^^^^^^^ complex constants are an InterCOM extension
   ·                     └─ const defined here
   └──
 note: only literals of trivial types are allowed in standard IDL
