---
source: crates/ic-lint/tests/conflicting_annotations.rs
expression: test_lint_hir(input)
---
⨯ conflicting-annotations: struct member `id` cannot be both @optional and @key
  @ test.idl:5:18

 2 │ struct User {
 3 │     @key
   │      ˆˆˆ @key annotation here
 4 │     @optional
   │      ˆˆˆˆˆˆˆˆ @optional annotation here
 5 │     long id;
   │          ˆˆ conflicting annotations on struct member
 6 │ 
 7 │     @optional @key string username;

  ? remove either @optional or @key

⨯ conflicting-annotations: struct member `username` cannot be both @optional and @key
  @ test.idl:7:35

 5 │ long id;
 6 │ 
 7 │ @optional @key string username;
   │  ˆˆˆˆˆˆˆˆ  ˆˆˆ        ˆˆˆˆˆˆˆˆ conflicting annotations on struct member
   │  │         └─ @key annotation here
   │  └─ @optional annotation here
 8 │ 
 9 │ @key

  ? remove either @optional or @key
