---
source: crates/ic-lint/tests/default_type_mismatch.rs
expression: test_lint_hir(source)
---
⨯ default-type-mismatch: @default value is not compatible with member type `sequence`
  @ test.idl:3:14

 2 │ struct Bad {
 3 │     @default({"a", "b"})
   │              ˆˆˆˆˆˆˆˆˆˆ incompatible default value
 4 │     sequence<long> my_seq;
 5 │ };
