---
source: crates/ic-lint/tests/default_type_mismatch.rs
expression: test_lint_hir(source)
---
! prefer-enum-name: prefer using enum member name 'GREEN' instead of numeric literal
  @ test.idl:5:14

 4 │ struct Good {
 5 │     @default(1)
   │              ˆ consider using 'GREEN' instead of '1'
 6 │     Color my_color;
 7 │ };
