---
source: crates/ic-lint/tests/default_type_mismatch.rs
assertion_line: 42
expression: test_lint_hir(source)
---
error[default-type-mismatch]: @default value is not compatible with member type `int32`
   ┌ test.idl:3:14
   │
 2 │ struct Bad {
 3 │     @default("hello")
   ·              ^^^^^^^ incompatible default value
 4 │     long my_int;
 5 │ };
   └──
