---
source: crates/ic-lint/tests/deprecated_annotations.rs
expression: output
---
! deprecated-ann: use of deprecated annotation `@shared`
  @ test.idl:3:14

 2 │ struct SharedStruct {
 3 │     @shared int32 value;
   │      ˆˆˆˆˆˆ deprecated annotation used here
 4 │ };

  ? use `@external` instead

! deprecated-ann: use of deprecated annotation `@shared`
  @ test.idl:12:18

 10 │ module test_module {
 11 │     struct NestedShared {
 12 │         @shared int32 value;
    │          ˆˆˆˆˆˆ deprecated annotation used here
 13 │     };

  ? use `@external` instead
