---
source: crates/ic-lint/tests/deprecated_annotations.rs
expression: output
---
warning[deprecated_ann]: use of deprecated annotation `@shared`
   ┌ test.idl:3:14
   │
 3 │             @shared int32 value;
   ·              ^^^^^^ deprecated annotation used here
   └──
 help: use `@external` instead

warning[deprecated_ann]: use of deprecated annotation `@shared`
    ┌ test.idl:12:18
    │
 12 │                 @shared int32 value;
    ·                  ^^^^^^ deprecated annotation used here
    └──
 help: use `@external` instead
