---
source: crates/ic-lint/tests/derived_struct_key.rs
assertion_line: 119
expression: test_lint_hir(source)
---
error[derived-struct-key]: derived struct 'Child' cannot define @key fields
    ┌ test.idl:11:6
    │
  8 │ };
  9 │ 
 10 │ struct Child : Parent {
 11 │     @key string child_key;  // Error: still a derived struct
    ·      ^^^ @key not allowed in derived struct
 12 │ };
    └──
 help: move @key fields to the base struct or remove inheritance
 note: only base structs can define @key fields
