---
source: crates/ic-lint/tests/duplicate_bounds.rs
expression: test_lint_hir(source)
---
⨯ duplicate-bounds: @max is already defined on typedef `MyInt`
  @ test.idl:6:10

 2 │ @max(100) typedef int32 MyInt;
   │  ˆˆˆ @max already defined on `MyInt`
 3 │ 
 4 │ union Foo switch (long) {
 5 │     case 0:
 6 │         @max(50) MyInt value;
   │          ˆˆˆ @max on variant
 7 │ };

  ? remove @max from either the variant or the typedef
