---
source: crates/ic-lint/tests/duplicate_bitmask_flags.rs
expression: test_lint_hir(source)
---
⨯: duplicate definition of `SAME`
  @ test.idl:3:5

 2 │ bitmask AllDuplicates {
 3 │     SAME,
   │     ˆˆˆˆ originally defined here
 4 │     SAME,
   │     ˆˆˆˆ redefined here
 5 │     SAME,
 6 │     SAME

⨯: duplicate definition of `SAME`
  @ test.idl:3:5

 2 │ bitmask AllDuplicates {
 3 │     SAME,
   │     ˆˆˆˆ originally defined here
 4 │     SAME,
 5 │     SAME,
   │     ˆˆˆˆ redefined here
 6 │     SAME
 7 │ };

⨯: duplicate definition of `SAME`
  @ test.idl:3:5

 2 │ bitmask AllDuplicates {
 3 │     SAME,
   │     ˆˆˆˆ originally defined here
 4 │     SAME,
 5 │     SAME,
 6 │     SAME
   │     ˆˆˆˆ redefined here
 7 │ };
