---
source: crates/ic-lint/tests/duplicate_methods.rs
expression: test_lint_hir(source)
---
error[duplicate_name]: interface `Derived` defines method `method` which conflicts with inherited method
    ┌ test.idl:10:10
    │
 10 │     long method();  // Error: conflicts with inherited method
    ·          ^^^^^^ conflicting method definition
  6 │     void method();
    ·          ^^^^^^ inherited from `Base`
    └──
 note: method names are case-insensitive
