---
source: crates/ic-lint/tests/duplicate_union_variants.rs
expression: test_lint_hir(source)
---
⨯ multiple-default-cases: union `Response` has 2 default cases, but only one is allowed
  @ test.idl:4:19

 2 │ union Response switch (long) {
 3 │     case 1: string success;
 4 │     default: long error_code;
   │                   ˆˆˆˆˆˆˆˆˆˆ first default case here
 5 │     case 2: boolean retry;
 6 │     default: string error_message;  // Duplicate default
   │                     ˆˆˆˆˆˆˆˆˆˆˆˆˆ additional default case here
 7 │ };
