---
source: crates/ic-lint/tests/duplicate_case_labels.rs
expression: test_lint_hir(source)
---
error[duplicate_case]: union 'StatusData' has duplicate case label 'PENDING'
    ┌ test.idl:11:10
    │
 11 │     case PENDING: boolean dup_pending;  // Duplicate
    ·          ^^^^^^^ duplicate case label
    └──
