---
source: crates/ic-lint/tests/duplicate_bitmask_flags.rs
expression: test_lint_hir(source)
---
error[duplicate_flag]: duplicate flag `FLAG_A` in bitmask `FirstFlags`
   ┌ test.idl:5:5
   │
 5 │     FLAG_A    // Duplicate in first bitmask
   ·     ^^^^^^ redefined here
   └──
 note: flag names are case-insensitive
