---
source: crates/ic-lint/tests/duplicate_bitmask_flags.rs
expression: test_lint_hir(source)
---
error[duplicate_flag]: duplicate flag `READONLY` in bitmask `FileFlags`
   ┌ test.idl:6:5
   │
 6 │     READONLY  // Duplicate flag
   ·     ^^^^^^^^ duplicate flag
   └──

error: duplicate registration of name `READONLY`
   ┌ test.idl:6:5
   │
 6 │     READONLY  // Duplicate flag
   ·     ^^^^^^^^ redefined here
   └──
