---
source: crates/ic-lint/tests/duplicate_parameter_name.rs
expression: test_lint_hir(input)
---
⨯ duplicate-name: duplicate parameter `x` in parameter 'method'
  @ test.idl:3:44

 2 │ interface InterfaceA {
 3 │     void method(in long x, in long x);
   │                         ˆ          ˆ duplicate parameter
   │                         └─ first defined here
 4 │ };

  * names are case-insensitive

⨯ duplicate-name: duplicate parameter `x` in parameter 'method'
  @ test.idl:7:44

 6 │ interface InterfaceB {
 7 │     void method(in long x, in long x);
   │                         ˆ          ˆ duplicate parameter
   │                         └─ first defined here
 8 │ };

  * names are case-insensitive
