---
source: crates/ic-lint/tests/duplicate_case_labels.rs
expression: test_lint_hir(source)
---
error[duplicate_case]: union 'NegativeUnion' has duplicate case label '-1'
   ┌ test.idl:6:10
   │
 4 │     case 0: string zero;
 5 │     case 1: boolean pos_one;
 6 │     case -1: float dup_neg;  // Duplicate
   ·          ^^ duplicate case label
 7 │ };
   └──
