---
source: crates/ic-lint/tests/duplicate_bitmask_flags.rs
expression: test_lint_hir(source)
---
⨯: duplicate definition of `FLAG`
  @ test.idl:4:9

 2 │ module Outer {
 3 │     bitmask OuterFlags {
 4 │         FLAG,
   │         ˆˆˆˆ originally defined here
 5 │         FLAG    // Duplicate
   │         ˆˆˆˆ redefined here
 6 │     };
