---
source: crates/ic-lint/tests/duplicate_struct_members.rs
expression: test_lint_hir(source)
---
⨯ duplicate-name: duplicate member `message` in member 'MyError'
  @ test.idl:5:12

 2 │ exception MyError {
 3 │     string message;
   │            ˆˆˆˆˆˆˆ first defined here
 4 │     long code;
 5 │     string message;  // Duplicate member in exception
   │            ˆˆˆˆˆˆˆ duplicate member
 6 │ };

  * names are case-insensitive
