---
source: crates/ic-lint/tests/duplicate_methods.rs
expression: test_lint_hir(source)
---
error[duplicate_name]: interface `Test` defines method `method` which conflicts with inherited method
   ┌ test.idl:3:10
   │
 3 │     void method();
   ·          ^^^^^^ conflicting method definition
   └──
 note: method names are case-insensitive

error: duplicate method `method` in interface `Test`
   ┌ test.idl:4:10
   │
 4 │     long method();  // Should be caught by validate.rs, not this lint
   ·          ^^^^^^ duplicate method
   └──
