---
source: crates/ic-lint/tests/duplicate_case_labels.rs
expression: test_lint_hir(source)
---
error[duplicate-case]: union 'ColorData' has duplicate case label 'RED'
   ┌ test.idl:7:10
   │
 5 │     case RED: long red_value;
 6 │     case GREEN: long green_value;
 7 │     case RED: long another_red;  // Duplicate
   ·          ^^^ duplicate case label
 8 │ };
   └──
