---
source: crates/ic-lint/tests/duplicate_struct_members.rs
expression: test_lint_hir(source)
---
error[duplicate-name]: duplicate member `values` in member 'Arrays'
   ┌ test.idl:5:10
   │
 2 │ struct Arrays {
 3 │     long values[10];
   ·          ^^^^^^ first defined here
 4 │     string names[5];
 5 │     long values[20];  // Duplicate member name, different array size
   ·          ^^^^^^ duplicate member
 6 │ };
   └──
 note: names are case-insensitive
