---
source: crates/ic-lint/tests/duplicate_bounds.rs
expression: test_lint_hir(source)
---
⨯ duplicate-bounds: @min is already defined on typedef `MyInt`
  @ test.idl:5:6

 2 │ @min(0) typedef int32 MyInt;
   │  ˆˆˆ @min already defined on `MyInt`
 3 │ 
 4 │ struct Foo {
 5 │     @min(5) MyInt value;
   │      ˆˆˆ @min on member
 6 │ };

  ? remove @min from either the member or the typedef
