---
source: crates/ic-lint/tests/duplicate_bitmask_flags.rs
expression: test_lint_hir(source)
---
error[duplicate_flag]: duplicate flag `FLAG_1` in bitmask `OctalFlags`
   ┌ test.idl:5:5
   │
 5 │     FLAG_1 = 04,  // Duplicate name
   ·     ^^^^^^ redefined here
   └──
 note: flag names are case-insensitive
