---
source: crates/ic-lint/tests/duplicate_case_labels.rs
expression: test_lint_hir(source)
---
error[duplicate_case]: union 'OuterUnion' has duplicate case label '1'
   ┌ test.idl:5:24
   │
 5 │         case 1: string b;  // Duplicate in outer
   ·                        ^ duplicate case label
   └──

error[duplicate_case]: union 'InnerUnion' has duplicate case label '1'
    ┌ test.idl:12:29
    │
 12 │             case 1: boolean e; // Duplicate in inner
    ·                             ^ duplicate case label
    └──
