---
source: crates/ic-lint/tests/duplicate_case_labels.rs
expression: test_lint_hir(source)
---
⨯ duplicate-case: union 'LargeUnion' has duplicate case label '9223372036854775807'
  @ test.idl:5:10

 3 │     case 9223372036854775807: long max_val;
 4 │     case -9223372036854775808: string min_val;
 5 │     case 9223372036854775807: boolean dup_max;  // Duplicate
   │          ˆˆˆˆˆˆˆˆˆˆˆˆˆˆˆˆˆˆˆ duplicate case label
 6 │ };

⨯ union-label-range: case label value 9223372036854775807 exceeds 32-bit range in union 'LargeUnion'
  @ test.idl:3:10

 2 │ union LargeUnion switch (long long) {
 3 │     case 9223372036854775807: long max_val;
   │          ˆˆˆˆˆˆˆˆˆˆˆˆˆˆˆˆˆˆˆ value must fit in 32 bits
 4 │     case -9223372036854775808: string min_val;
 5 │     case 9223372036854775807: boolean dup_max;  // Duplicate

⨯ union-label-range: case label value -9223372036854775808 exceeds 32-bit range in union 'LargeUnion'
  @ test.idl:4:10

 2 │ union LargeUnion switch (long long) {
 3 │     case 9223372036854775807: long max_val;
 4 │     case -9223372036854775808: string min_val;
   │          ˆˆˆˆˆˆˆˆˆˆˆˆˆˆˆˆˆˆˆˆ value must fit in 32 bits
 5 │     case 9223372036854775807: boolean dup_max;  // Duplicate
 6 │ };

⨯ union-label-range: case label value 9223372036854775807 exceeds 32-bit range in union 'LargeUnion'
  @ test.idl:5:10

 3 │     case 9223372036854775807: long max_val;
 4 │     case -9223372036854775808: string min_val;
 5 │     case 9223372036854775807: boolean dup_max;  // Duplicate
   │          ˆˆˆˆˆˆˆˆˆˆˆˆˆˆˆˆˆˆˆ value must fit in 32 bits
 6 │ };
