---
source: crates/ic-lint/tests/duplicate_methods.rs
expression: test_lint_hir(source)
---
error: duplicate method `method` in interface 'Test'
   ┌ test.idl:4:10
   │
 4 │     long method();  // Should be caught by validate.rs, not this lint
   ·          ^^^^^^ duplicate method
 3 │     void method();
   ·          ^^^^^^ first defined here
   └──
 note: method names are case-insensitive
