---
source: crates/ic-lint/tests/duplicate_struct_members.rs
expression: test_lint_hir(source)
---
error[duplicate_member]: duplicate member `name` in struct `Data`
   ┌ test.idl:5:12
   │
 5 │     string name;   // First duplicate
   ·            ^^^^ redefined here
   └──
 note: member names are case-insensitive

error[duplicate_member]: duplicate member `value` in struct `Data`
   ┌ test.idl:7:10
   │
 7 │     long value;    // Second duplicate
   ·          ^^^^^ redefined here
   └──
 note: member names are case-insensitive

error[duplicate_member]: duplicate member `name` in struct `Data`
   ┌ test.idl:8:12
   │
 8 │     string name;   // Third occurrence
   ·            ^^^^ redefined here
   └──
 note: member names are case-insensitive
