---
source: crates/ic-lint/tests/duplicate_case_labels.rs
expression: test_lint_hir(source)
---
⨯ duplicate-case: union 'CharUnion' has duplicate case label ''a''
  @ test.idl:5:10

 3 │     case 'a': long a_val;
 4 │     case 'b': string b_val;
 5 │     case 'a': boolean dup_a;  // Duplicate
   │          ˆˆˆ duplicate case label
 6 │     case 'c': float c_val;
 7 │ };

! char-discriminator: char types should not be used as union discriminators
  @ test.idl:2:25

 2 │ union CharUnion switch (char) {
   │                         ˆˆˆˆ char type
 3 │     case 'a': long a_val;
 4 │     case 'b': string b_val;

  ? consider using an integer or enum value instead
