---
source: crates/ic-lint/tests/duplicate_bitmask_flags.rs
expression: test_lint_hir(source)
---
error[duplicate_flag]: duplicate flag `ENABLE_A` in bitmask `Options`
   ┌ test.idl:5:5
   │
 5 │     ENABLE_A,  // First duplicate
   ·     ^^^^^^^^ duplicate flag
   └──

error[duplicate_flag]: duplicate flag `ENABLE_B` in bitmask `Options`
   ┌ test.idl:7:5
   │
 7 │     ENABLE_B,  // Second duplicate
   ·     ^^^^^^^^ duplicate flag
   └──

error[duplicate_flag]: duplicate flag `ENABLE_A` in bitmask `Options`
   ┌ test.idl:8:5
   │
 8 │     ENABLE_A   // Third occurrence
   ·     ^^^^^^^^ duplicate flag
   └──

error: duplicate registration of name `ENABLE_A`
   ┌ test.idl:5:5
   │
 5 │     ENABLE_A,  // First duplicate
   ·     ^^^^^^^^ redefined here
   └──

error: duplicate registration of name `ENABLE_B`
   ┌ test.idl:7:5
   │
 7 │     ENABLE_B,  // Second duplicate
   ·     ^^^^^^^^ redefined here
   └──

error: duplicate registration of name `ENABLE_A`
   ┌ test.idl:8:5
   │
 8 │     ENABLE_A   // Third occurrence
   ·     ^^^^^^^^ redefined here
   └──
