---
source: crates/ic-lint/tests/empty_mod.rs
expression: test_lint(source)
---
! empty-mod: empty module declarations are not standard
  @ test.idl:2:9

 2 │ module DocumentedButEmpty {
   │ ˆˆˆˆˆˆˆˆˆˆˆˆˆˆˆˆˆˆˆˆˆˆˆˆˆˆˆ 
 3 │     // This module is reserved for future use
 4 │     // TODO: Add types here
 5 │ };
   │ ˆˆ

  ? either remove the declaration or add an item to it
