---
source: crates/ic-lint/tests/exception_member.rs
expression: test_lint_hir(source)
---
⨯ exception-member: exceptions can only be used in `raises` expressions
  @ test.idl:7:23

 6 │ struct Container {
 7 │     sequence<sequence<Error>> nested_errors;
   │                       ˆˆˆˆˆ invalid exception use
 8 │ };
 2 │ exception Error {
   │           ˆˆˆˆˆ defined as an exception here
 3 │     long code;
 4 │ };
