---
source: crates/ic-lint/tests/exception_member.rs
expression: test_lint_hir(source)
---
⨯ exception-member: exceptions can only be used in `raises` expressions
  @ test.idl:8:5

  7 │ struct ErrorLog {
  8 │     NetworkError error;
    │     ˆˆˆˆˆˆˆˆˆˆˆˆ invalid exception use
  9 │     string timestamp;
 10 │ };
  2 │ exception NetworkError {
    │           ˆˆˆˆˆˆˆˆˆˆˆˆ defined as an exception here
  3 │     long code;
  4 │     string message;
