---
source: crates/ic-lint/tests/exception_member.rs
expression: test_lint_hir(source)
---
⨯ exception-member: exceptions can only be used in `raises` expressions
  @ test.idl:7:14

 6 │ struct ErrorReport {
 7 │     sequence<IOError> errors;
   │              ˆˆˆˆˆˆˆ invalid exception use
 8 │ };
 2 │ exception IOError {
   │           ˆˆˆˆˆˆˆ defined as an exception here
 3 │     string path;
 4 │ };
