---
source: crates/ic-lint/tests/exception_member.rs
expression: test_lint_hir(source)
---
⨯ exception-member: exceptions can only be used in `raises` expressions
  @ test.idl:7:15

 6 │ interface Config {
 7 │     attribute ConfigError lastError;
   │               ˆˆˆˆˆˆˆˆˆˆˆ invalid exception use
 8 │ };
 2 │ exception ConfigError {
   │           ˆˆˆˆˆˆˆˆˆˆˆ defined as an exception here
 3 │     string message;
 4 │ };
