---
source: crates/ic-lint/tests/initializer_list_size.rs
expression: test_lint_hir(input)
---
error: too many initializers for struct (expected 3, got 4)
   ┌ test.idl:7:42
   │
 7 │         const Point MY_POINT = {1, 2, 3, 4};
   ·                                          ^ extra initializer
   └──
