---
source: crates/ic-lint/tests/initializer_list_size.rs
expression: "test_lint_hir(r\"\n        struct Config {\n            int32 port;\n            string host;\n        };\n        const Config cfg = {};\n    \",)"
---
error: missing required field `port` in struct initializer
   ┌ test.idl:3:19
   │
 3 │             int32 port;
   ·                   ^^^^ field is required here
   └──
 note: add the missing field to the initializer list
