---
source: crates/ic-lint/tests/invalid_inheritance.rs
expression: "common::test_lint_hir(idl)"
---
error[invalid_inheritance]: struct `BadStruct` cannot inherit from union `MyUnion`
   ┌ test.idl:6:16
   │
 6 │         struct BadStruct : MyUnion {
   ·                ^^^^^^^^^ structs can only inherit from other structs
   └──
