---
source: crates/ic-lint/tests/invalid_array_size.rs
expression: test_lint_hir(source)
---
warning: array size 20000 bytes exceeds reasonable limit of 16384 bytes (5000 elements × 4 bytes each)
   ┌ test.idl:3:15
   │
 3 │     long arr1[5000];      // 20000 bytes
   ·               ^^^^ very large array
   └──

warning: array size 24000 bytes exceeds reasonable limit of 16384 bytes (3000 elements × 8 bytes each)
   ┌ test.idl:4:17
   │
 4 │     double arr2[3000];    // 24000 bytes
   ·                 ^^^^ very large array
   └──
