---
source: crates/ic-lint/tests/invalid_enum_literal.rs
expression: test_lint_hir(source)
---
error[invalid_enum_literal]: `3` is not a valid `Flags` value
    ┌ test.idl:10:13
    │
 10 │ const Flags FLAG2 = 0x03;  // Invalid: 0x03 is not a defined flag
    ·             ^^^^^ this constant evaluates to an invalid value
    └──

warning[prefer_enum_name]: prefer using enum member name 'READ' instead of numeric literal
   ┌ test.idl:9:1
   │
 9 │ const Flags FLAG1 = 0x01;  // Valid: READ
   · ^^^^^^^^^^^^^^^^^^^^^^^^^ consider using 'READ' instead of '1'
   └──

warning[prefer_enum_name]: prefer using enum member name 'EXECUTE' instead of numeric literal
    ┌ test.idl:11:1
    │
 11 │ const Flags FLAG3 = 0x04;  // Valid: EXECUTE
    · ^^^^^^^^^^^^^^^^^^^^^^^^^ consider using 'EXECUTE' instead of '4'
    └──
