---
source: crates/ic-lint/tests/invalid_inheritance.rs
expression: "common::test_lint_hir(idl)"
---
⨯ invalid-inheritance: struct `MyStruct` cannot inherit from enum `Color`
  @ test.idl:3:16

 2 │ enum Color { RED, GREEN, BLUE };
 3 │ struct MyStruct : Color {
   │        ˆˆˆˆˆˆˆˆ structs can only inherit from other structs
 4 │     long field;
 5 │ };
