---
source: crates/ic-lint/tests/invalid_inheritance.rs
expression: "common::test_lint_hir(idl)"
---
error[invalid_inheritance]: interface `BadInterface` cannot inherit from enum `Status`
   ┌ test.idl:3:19
   │
 3 │         interface BadInterface : Status {
   ·                   ^^^^^^^^^^^^ interfaces can only inherit from other interfaces
   └──
