---
source: crates/ic-lint/tests/invalid_enum_value.rs
expression: test_lint_hir(source)
---
error[duplicate_enum_values]: duplicate value -10 in enum `Temperature`
   ┌ test.idl:4:5
   │
 4 │     COLD = -10,
   ·     ^^^^ first use of value -10
 5 │     NORMAL = -10,
   ·     ^^^^^^ value already used
   └──
