---
source: crates/ic-lint/tests/invalid_inheritance.rs
expression: "common::test_lint_hir(idl)"
---
error[invalid_inheritance]: bitset `BadBits` cannot inherit from struct `BaseStruct`
   ┌ test.idl:5:16
   │
 3 │             long x;
 4 │         };
 5 │         bitset BadBits : BaseStruct {
   ·                ^^^^^^^ bitsets can only inherit from other bitsets
 6 │             bitfield<1> BIT0;
 7 │             bitfield<1> BIT1;
   └──
