---
source: crates/ic-lint/tests/keywords.rs
assertion_line: 327
expression: test_lint(source)
---
error[keywords]: `home` is a keyword and may not be used as an identifier
   ┌ test.idl:3:10
   │
 3 │     long home;              // 'home' is a keyword
   ·          ^^^^ this is an IDL keyword
   └──
 help: the keyword can be escaped by changing to `_home`

error[keywords]: `import` is a keyword and may not be used as an identifier
   ┌ test.idl:4:12
   │
 4 │     string import;          // 'import' is a keyword
   ·            ^^^^^^ this is an IDL keyword
   └──
 help: the keyword can be escaped by changing to `_import`

error[keywords]: `int16` is a keyword and may not be used as an identifier
   ┌ test.idl:5:13
   │
 5 │     boolean int16;          // 'int16' is a keyword (replacing 'local')
   ·             ^^^^^ this is an IDL keyword
   └──
 help: the keyword can be escaped by changing to `_int16`

error[keywords]: `multiple` is a keyword and may not be used as an identifier
   ┌ test.idl:6:11
   │
 6 │     float multiple;         // 'multiple' is a keyword
   ·           ^^^^^^^^ this is an IDL keyword
   └──
 help: the keyword can be escaped by changing to `_multiple`

error[keywords]: `int32` is a keyword and may not be used as an identifier
   ┌ test.idl:7:12
   │
 7 │     double int32;           // 'int32' is a keyword (replacing 'private')
   ·            ^^^^^ this is an IDL keyword
   └──
 help: the keyword can be escaped by changing to `_int32`

error[keywords]: `uint8` is a keyword and may not be used as an identifier
   ┌ test.idl:8:11
   │
 8 │     octet uint8;            // 'uint8' is a keyword (replacing 'public')
   ·           ^^^^^ this is an IDL keyword
   └──
 help: the keyword can be escaped by changing to `_uint8`

error[keywords]: `int64` is a keyword and may not be used as an identifier
   ┌ test.idl:9:11
   │
 9 │     short int64;            // 'int64' is a keyword
   ·           ^^^^^ this is an IDL keyword
   └──
 help: the keyword can be escaped by changing to `_int64`

error[keywords]: `truncatable` is a keyword and may not be used as an identifier
    ┌ test.idl:10:10
    │
 10 │     long truncatable;       // 'truncatable' is a keyword
    ·          ^^^^^^^^^^^ this is an IDL keyword
    └──
 help: the keyword can be escaped by changing to `_truncatable`

error[keywords]: `typeid` is a keyword and may not be used as an identifier
    ┌ test.idl:11:11
    │
 11 │     wchar typeid;           // 'typeid' is a keyword
    ·           ^^^^^^ this is an IDL keyword
    └──
 help: the keyword can be escaped by changing to `_typeid`

error[keywords]: `typename` is a keyword and may not be used as an identifier
    ┌ test.idl:12:13
    │
 12 │     wstring typename;       // 'typename' is a keyword
    ·             ^^^^^^^^ this is an IDL keyword
    └──
 help: the keyword can be escaped by changing to `_typename`

error[keywords]: `typeprefix` is a keyword and may not be used as an identifier
    ┌ test.idl:13:10
    │
 13 │     long typeprefix;        // 'typeprefix' is a keyword
    ·          ^^^^^^^^^^ this is an IDL keyword
    └──
 help: the keyword can be escaped by changing to `_typeprefix`

error[keywords]: `eventtype` is a keyword and may not be used as an identifier
    ┌ test.idl:14:10
    │
 14 │     long eventtype;         // 'eventtype' is a keyword
    ·          ^^^^^^^^^ this is an IDL keyword
    └──
 help: the keyword can be escaped by changing to `_eventtype`

error[keywords]: `finder` is a keyword and may not be used as an identifier
    ┌ test.idl:15:10
    │
 15 │     long finder;            // 'finder' is a keyword
    ·          ^^^^^^ this is an IDL keyword
    └──
 help: the keyword can be escaped by changing to `_finder`

error[keywords]: `manages` is a keyword and may not be used as an identifier
    ┌ test.idl:16:12
    │
 16 │     string manages;         // 'manages' is a keyword
    ·            ^^^^^^^ this is an IDL keyword
    └──
 help: the keyword can be escaped by changing to `_manages`

error[keywords]: `primarykey` is a keyword and may not be used as an identifier
    ┌ test.idl:17:13
    │
 17 │     boolean primarykey;     // 'primarykey' is a keyword
    ·             ^^^^^^^^^^ this is an IDL keyword
    └──
 help: the keyword can be escaped by changing to `_primarykey`

error[keywords]: `abstract` is a keyword and may not be used as an identifier
    ┌ test.idl:18:10
    │
 18 │     long abstract;          // 'abstract' is a keyword
    ·          ^^^^^^^^ this is an IDL keyword
    └──
 help: the keyword can be escaped by changing to `_abstract`

error[keywords]: `custom` is a keyword and may not be used as an identifier
    ┌ test.idl:19:10
    │
 19 │     long custom;            // 'custom' is a keyword
    ·          ^^^^^^ this is an IDL keyword
    └──
 help: the keyword can be escaped by changing to `_custom`
