---
source: crates/ic-lint/tests/keywords.rs
expression: test_lint(source)
---
⨯ keywords: `uint32` is a keyword and may not be used as an identifier
  @ test.idl:2:8

 2 │ module uint32 {  // 'uint32' is a primitive type keyword
   │        ˆˆˆˆˆˆ this is an IDL keyword
 3 │     struct Point {
 4 │         long x;

  ? the keyword can be escaped by changing to `_uint32`
  * keywords are matched case-insensitively against identifiers
