---
source: crates/ic-lint/tests/keywords.rs
expression: test_lint(source)
---
error[keywords]: `abstract` is a keyword and may not be used as an identifier
   ┌ test.idl:1:15
   │
 1 │ const boolean abstract = TRUE;
   ·               ^^^^^^^^ this is an IDL keyword
   └──
 help: the keyword can be escaped by changing to `_abstract`
 note: keywords are matched case-insensitively against identifiers
