---
source: crates/ic-lint/tests/keywords.rs
expression: test_lint(source)
---
⨯ keywords: `uint64` is a keyword and may not be used as an identifier
  @ test.idl:2:8

 2 │ bitset uint64 {
   │        ˆˆˆˆˆˆ this is an IDL keyword
 3 │     bitfield<5> bit0;
 4 │     bitfield<10> bit1;

  ? the keyword can be escaped by changing to `_uint64`
  * keywords are matched case-insensitively against identifiers
