---
source: crates/ic-lint/tests/keywords.rs
expression: test_lint(source)
---
⨯ keywords: `int32` is a keyword and may not be used as an identifier
  @ test.idl:2:8

 2 │ struct Int32 {
   │        ˆˆˆˆˆ this is an IDL keyword
 3 │     long value;
 4 │ };

  ? the keyword can be escaped by changing to `_Int32`
  * keywords are matched case-insensitively against identifiers
