---
source: crates/ic-lint/tests/keywords.rs
expression: test_lint(source)
---
⨯ keywords: `uint8` is a keyword and may not be used as an identifier
  @ test.idl:3:20

 2 │ union Data switch (long) {
 3 │     case 0: string uint8;      // 'uint8' is a keyword
   │                    ˆˆˆˆˆ this is an IDL keyword
 4 │     case 1: long int64;        // 'int64' is a keyword
 5 │     case 2: boolean wchar;     // 'wchar' is a keyword

  ? the keyword can be escaped by changing to `_uint8`
  * keywords are matched case-insensitively against identifiers

⨯ keywords: `int64` is a keyword and may not be used as an identifier
  @ test.idl:4:18

 2 │ union Data switch (long) {
 3 │     case 0: string uint8;      // 'uint8' is a keyword
 4 │     case 1: long int64;        // 'int64' is a keyword
   │                  ˆˆˆˆˆ this is an IDL keyword
 5 │     case 2: boolean wchar;     // 'wchar' is a keyword
 6 │ };

  ? the keyword can be escaped by changing to `_int64`
  * keywords are matched case-insensitively against identifiers

⨯ keywords: `wchar` is a keyword and may not be used as an identifier
  @ test.idl:5:21

 3 │     case 0: string uint8;      // 'uint8' is a keyword
 4 │     case 1: long int64;        // 'int64' is a keyword
 5 │     case 2: boolean wchar;     // 'wchar' is a keyword
   │                     ˆˆˆˆˆ this is an IDL keyword
 6 │ };

  ? the keyword can be escaped by changing to `_wchar`
  * keywords are matched case-insensitively against identifiers
