---
source: crates/ic-lint/tests/keywords.rs
expression: test_lint(source)
---
⨯ keywords: `home` is a keyword and may not be used as an identifier
  @ test.idl:3:10

 2 │ struct OtherKeywords {
 3 │     long home;              // 'home' is a keyword
   │          ˆˆˆˆ this is an IDL keyword
 4 │     string import;          // 'import' is a keyword
 5 │     boolean int16;          // 'int16' is a keyword (replacing 'local')

  ? the keyword can be escaped by changing to `_home`
  * keywords are matched case-insensitively against identifiers

⨯ keywords: `import` is a keyword and may not be used as an identifier
  @ test.idl:4:12

 2 │ struct OtherKeywords {
 3 │     long home;              // 'home' is a keyword
 4 │     string import;          // 'import' is a keyword
   │            ˆˆˆˆˆˆ this is an IDL keyword
 5 │     boolean int16;          // 'int16' is a keyword (replacing 'local')
 6 │     float multiple;         // 'multiple' is a keyword

  ? the keyword can be escaped by changing to `_import`
  * keywords are matched case-insensitively against identifiers

⨯ keywords: `int16` is a keyword and may not be used as an identifier
  @ test.idl:5:13

 3 │ long home;              // 'home' is a keyword
 4 │ string import;          // 'import' is a keyword
 5 │ boolean int16;          // 'int16' is a keyword (replacing 'local')
   │         ˆˆˆˆˆ this is an IDL keyword
 6 │ float multiple;         // 'multiple' is a keyword
 7 │ double int32;           // 'int32' is a keyword (replacing 'private')

  ? the keyword can be escaped by changing to `_int16`
  * keywords are matched case-insensitively against identifiers

⨯ keywords: `multiple` is a keyword and may not be used as an identifier
  @ test.idl:6:11

 4 │ string import;          // 'import' is a keyword
 5 │ boolean int16;          // 'int16' is a keyword (replacing 'local')
 6 │ float multiple;         // 'multiple' is a keyword
   │       ˆˆˆˆˆˆˆˆ this is an IDL keyword
 7 │ double int32;           // 'int32' is a keyword (replacing 'private')
 8 │ octet uint8;            // 'uint8' is a keyword (replacing 'public')

  ? the keyword can be escaped by changing to `_multiple`
  * keywords are matched case-insensitively against identifiers

⨯ keywords: `int32` is a keyword and may not be used as an identifier
  @ test.idl:7:12

 5 │ boolean int16;          // 'int16' is a keyword (replacing 'local')
 6 │ float multiple;         // 'multiple' is a keyword
 7 │ double int32;           // 'int32' is a keyword (replacing 'private')
   │        ˆˆˆˆˆ this is an IDL keyword
 8 │ octet uint8;            // 'uint8' is a keyword (replacing 'public')
 9 │ short int64;            // 'int64' is a keyword

  ? the keyword can be escaped by changing to `_int32`
  * keywords are matched case-insensitively against identifiers

⨯ keywords: `uint8` is a keyword and may not be used as an identifier
  @ test.idl:8:11

  6 │ float multiple;         // 'multiple' is a keyword
  7 │ double int32;           // 'int32' is a keyword (replacing 'private')
  8 │ octet uint8;            // 'uint8' is a keyword (replacing 'public')
    │       ˆˆˆˆˆ this is an IDL keyword
  9 │ short int64;            // 'int64' is a keyword
 10 │ long truncatable;       // 'truncatable' is a keyword

  ? the keyword can be escaped by changing to `_uint8`
  * keywords are matched case-insensitively against identifiers

⨯ keywords: `int64` is a keyword and may not be used as an identifier
  @ test.idl:9:11

  7 │ double int32;           // 'int32' is a keyword (replacing 'private')
  8 │ octet uint8;            // 'uint8' is a keyword (replacing 'public')
  9 │ short int64;            // 'int64' is a keyword
    │       ˆˆˆˆˆ this is an IDL keyword
 10 │ long truncatable;       // 'truncatable' is a keyword
 11 │ wchar typeid;           // 'typeid' is a keyword

  ? the keyword can be escaped by changing to `_int64`
  * keywords are matched case-insensitively against identifiers

⨯ keywords: `truncatable` is a keyword and may not be used as an identifier
  @ test.idl:10:10

  8 │ octet uint8;            // 'uint8' is a keyword (replacing 'public')
  9 │ short int64;            // 'int64' is a keyword
 10 │ long truncatable;       // 'truncatable' is a keyword
    │      ˆˆˆˆˆˆˆˆˆˆˆ this is an IDL keyword
 11 │ wchar typeid;           // 'typeid' is a keyword
 12 │ wstring typename;       // 'typename' is a keyword

  ? the keyword can be escaped by changing to `_truncatable`
  * keywords are matched case-insensitively against identifiers

⨯ keywords: `typeid` is a keyword and may not be used as an identifier
  @ test.idl:11:11

  9 │ short int64;            // 'int64' is a keyword
 10 │ long truncatable;       // 'truncatable' is a keyword
 11 │ wchar typeid;           // 'typeid' is a keyword
    │       ˆˆˆˆˆˆ this is an IDL keyword
 12 │ wstring typename;       // 'typename' is a keyword
 13 │ long typeprefix;        // 'typeprefix' is a keyword

  ? the keyword can be escaped by changing to `_typeid`
  * keywords are matched case-insensitively against identifiers

⨯ keywords: `typename` is a keyword and may not be used as an identifier
  @ test.idl:12:13

 10 │ long truncatable;       // 'truncatable' is a keyword
 11 │ wchar typeid;           // 'typeid' is a keyword
 12 │ wstring typename;       // 'typename' is a keyword
    │         ˆˆˆˆˆˆˆˆ this is an IDL keyword
 13 │ long typeprefix;        // 'typeprefix' is a keyword
 14 │ long eventtype;         // 'eventtype' is a keyword

  ? the keyword can be escaped by changing to `_typename`
  * keywords are matched case-insensitively against identifiers

⨯ keywords: `typeprefix` is a keyword and may not be used as an identifier
  @ test.idl:13:10

 11 │ wchar typeid;           // 'typeid' is a keyword
 12 │ wstring typename;       // 'typename' is a keyword
 13 │ long typeprefix;        // 'typeprefix' is a keyword
    │      ˆˆˆˆˆˆˆˆˆˆ this is an IDL keyword
 14 │ long eventtype;         // 'eventtype' is a keyword
 15 │ long finder;            // 'finder' is a keyword

  ? the keyword can be escaped by changing to `_typeprefix`
  * keywords are matched case-insensitively against identifiers

⨯ keywords: `eventtype` is a keyword and may not be used as an identifier
  @ test.idl:14:10

 12 │ wstring typename;       // 'typename' is a keyword
 13 │ long typeprefix;        // 'typeprefix' is a keyword
 14 │ long eventtype;         // 'eventtype' is a keyword
    │      ˆˆˆˆˆˆˆˆˆ this is an IDL keyword
 15 │ long finder;            // 'finder' is a keyword
 16 │ string manages;         // 'manages' is a keyword

  ? the keyword can be escaped by changing to `_eventtype`
  * keywords are matched case-insensitively against identifiers

⨯ keywords: `finder` is a keyword and may not be used as an identifier
  @ test.idl:15:10

 13 │ long typeprefix;        // 'typeprefix' is a keyword
 14 │ long eventtype;         // 'eventtype' is a keyword
 15 │ long finder;            // 'finder' is a keyword
    │      ˆˆˆˆˆˆ this is an IDL keyword
 16 │ string manages;         // 'manages' is a keyword
 17 │ boolean primarykey;     // 'primarykey' is a keyword

  ? the keyword can be escaped by changing to `_finder`
  * keywords are matched case-insensitively against identifiers

⨯ keywords: `manages` is a keyword and may not be used as an identifier
  @ test.idl:16:12

 14 │ long eventtype;         // 'eventtype' is a keyword
 15 │ long finder;            // 'finder' is a keyword
 16 │ string manages;         // 'manages' is a keyword
    │        ˆˆˆˆˆˆˆ this is an IDL keyword
 17 │ boolean primarykey;     // 'primarykey' is a keyword
 18 │ long abstract;          // 'abstract' is a keyword

  ? the keyword can be escaped by changing to `_manages`
  * keywords are matched case-insensitively against identifiers

⨯ keywords: `primarykey` is a keyword and may not be used as an identifier
  @ test.idl:17:13

 15 │ long finder;            // 'finder' is a keyword
 16 │ string manages;         // 'manages' is a keyword
 17 │ boolean primarykey;     // 'primarykey' is a keyword
    │         ˆˆˆˆˆˆˆˆˆˆ this is an IDL keyword
 18 │ long abstract;          // 'abstract' is a keyword
 19 │ long custom;            // 'custom' is a keyword

  ? the keyword can be escaped by changing to `_primarykey`
  * keywords are matched case-insensitively against identifiers

⨯ keywords: `abstract` is a keyword and may not be used as an identifier
  @ test.idl:18:10

 16 │     string manages;         // 'manages' is a keyword
 17 │     boolean primarykey;     // 'primarykey' is a keyword
 18 │     long abstract;          // 'abstract' is a keyword
    │          ˆˆˆˆˆˆˆˆ this is an IDL keyword
 19 │     long custom;            // 'custom' is a keyword
 20 │ };

  ? the keyword can be escaped by changing to `_abstract`
  * keywords are matched case-insensitively against identifiers

⨯ keywords: `custom` is a keyword and may not be used as an identifier
  @ test.idl:19:10

 17 │     boolean primarykey;     // 'primarykey' is a keyword
 18 │     long abstract;          // 'abstract' is a keyword
 19 │     long custom;            // 'custom' is a keyword
    │          ˆˆˆˆˆˆ this is an IDL keyword
 20 │ };

  ? the keyword can be escaped by changing to `_custom`
  * keywords are matched case-insensitively against identifiers
