---
source: crates/ic-lint/tests/keywords.rs
expression: test_lint(source)
---
⨯ keywords: `int32` is a keyword and may not be used as an identifier
  @ test.idl:3:5

 2 │ enum Type {
 3 │     INT32,
   │     ˆˆˆˆˆ this is an IDL keyword
 4 │     UInt64,
 5 │     OCTET

  ? the keyword can be escaped by changing to `_INT32`
  * keywords are matched case-insensitively against identifiers

⨯ keywords: `uint64` is a keyword and may not be used as an identifier
  @ test.idl:4:5

 2 │ enum Type {
 3 │     INT32,
 4 │     UInt64,
   │     ˆˆˆˆˆˆ this is an IDL keyword
 5 │     OCTET
 6 │ };

  ? the keyword can be escaped by changing to `_UInt64`
  * keywords are matched case-insensitively against identifiers

⨯ keywords: `octet` is a keyword and may not be used as an identifier
  @ test.idl:5:5

 3 │     INT32,
 4 │     UInt64,
 5 │     OCTET
   │     ˆˆˆˆˆ this is an IDL keyword
 6 │ };

  ? the keyword can be escaped by changing to `_OCTET`
  * keywords are matched case-insensitively against identifiers
