---
source: crates/ic-lint/tests/keywords.rs
expression: test_lint(source)
---
⨯ keywords: `octet` is a keyword and may not be used as an identifier
  @ test.idl:3:11

 2 │ struct Data {
 3 │     octet octet;
   │           ˆˆˆˆˆ this is an IDL keyword
 4 │     int32 int32;
 5 │     uint64 uint64;

  ? the keyword can be escaped by changing to `_octet`
  * keywords are matched case-insensitively against identifiers

⨯ keywords: `int32` is a keyword and may not be used as an identifier
  @ test.idl:4:11

 2 │ struct Data {
 3 │     octet octet;
 4 │     int32 int32;
   │           ˆˆˆˆˆ this is an IDL keyword
 5 │     uint64 uint64;
 6 │ };

  ? the keyword can be escaped by changing to `_int32`
  * keywords are matched case-insensitively against identifiers

⨯ keywords: `uint64` is a keyword and may not be used as an identifier
  @ test.idl:5:12

 3 │     octet octet;
 4 │     int32 int32;
 5 │     uint64 uint64;
   │            ˆˆˆˆˆˆ this is an IDL keyword
 6 │ };

  ? the keyword can be escaped by changing to `_uint64`
  * keywords are matched case-insensitively against identifiers
