---
source: crates/ic-lint/tests/keywords.rs
assertion_line: 351
expression: test_lint(source)
---
error[keywords]: `int32` is a keyword and may not be used as an identifier
   ┌ test.idl:2:8
   │
 2 │ struct Int32 {
   ·        ^^^^^ this is an IDL keyword
 3 │     long value;
 4 │ };
   └──
 help: the keyword can be escaped by changing to `_Int32`
