---
source: crates/ic-lint/tests/multiple_default_cases.rs
expression: test_lint_hir(source)
---
error[multiple_default_cases]: union `MyUnion` has 2 default cases, but only one is allowed
   ┌ test.idl:4:21
   │
 2 │ union MyUnion switch(long) {
 3 │     case 1: long x;
 4 │     default: string s;
   ·                     ^ first default case here
 5 │     case 2: float f;
 6 │     default: double d;  // Error: multiple default cases
   ·                     ^ additional default case here
 7 │ };
   └──
