---
source: crates/ic-lint/tests/null.rs
expression: test_lint(source)
---
! null-variant: `null` variants are non-standard
  @ test.idl:4:25

 2 │ union Inner switch(boolean) {
 3 │     case TRUE: long value;
 4 │     case FALSE: null;
   │                 ˆˆˆˆ `null` is not standard
 5 │ };

  * all case labels must map to a value

! null-variant: `null` variants are non-standard
  @ test.idl:9:21

  7 │ union Outer switch(long) {
  8 │     case 1: Inner inner;
  9 │     case 2: null;
    │             ˆˆˆˆ `null` is not standard
 10 │ };

  * all case labels must map to a value
