---
source: crates/ic-lint/tests/omitted_in.rs
expression: test_lint(source)
---
warning: parameters must be declared with `in`, `out`, or `inout`
   ┌ test.idl:3:26
   │
 3 │             void process(string data);
   ·                          ^^^^^^ expected parameter specifier before this type
   └──
 help: prefix the parameter with `in`

warning: parameters must be declared with `in`, `out`, or `inout`
   ┌ test.idl:4:28
   │
 4 │             long calculate(double x, double y);
   ·                            ^^^^^^ expected parameter specifier before this type
   └──
 help: prefix the parameter with `in`

warning: parameters must be declared with `in`, `out`, or `inout`
   ┌ test.idl:4:38
   │
 4 │             long calculate(double x, double y);
   ·                                      ^^^^^^ expected parameter specifier before this type
   └──
 help: prefix the parameter with `in`

warning: parameters must be declared with `in`, `out`, or `inout`
   ┌ test.idl:5:27
   │
 5 │             string format(long value, boolean uppercase);
   ·                           ^^^^ expected parameter specifier before this type
   └──
 help: prefix the parameter with `in`

warning: parameters must be declared with `in`, `out`, or `inout`
   ┌ test.idl:5:39
   │
 5 │             string format(long value, boolean uppercase);
   ·                                       ^^^^^^^ expected parameter specifier before this type
   └──
 help: prefix the parameter with `in`
