---
source: crates/ic-lint/tests/omitted_in.rs
expression: test_lint(source)
---
warning[omitted_in]: parameters must be declared with `in`, `out`, or `inout`
   ┌ test.idl:6:25
   │
 6 │             void broken(long size);  // Missing direction
   ·                         ^^^^ expected parameter specifier before this type
   └──
 help: prefix the parameter with `in`
