---
source: crates/ic-lint/tests/oneway.rs
expression: test_lint(source)
---
error[oneway]: oneway operations cannot have exception specifiers
   ┌ test.idl:7:49
   │
 7 │     oneway void process(in string data) raises (ProcessError);  // oneway cannot raise exceptions
   ·     ^^^^^^                                      ^^^^^^^^^^^^ exception specifier
   ·     └─ declared as oneway here
   └──
