---
source: crates/ic-lint/tests/oneway.rs
expression: test_lint(source)
---
⨯ oneway: oneway operations must have a `void` return type
  @ test.idl:3:12

 2 │ interface Service {
 3 │     oneway string getMessage();  // oneway cannot return a value
   │     ˆˆˆˆˆˆ ˆˆˆˆˆˆ non-void return type
   │     └─ declared as oneway here
 4 │     oneway long calculate(in long x, in long y);
 5 │ };

  ? change the return type to `void`

⨯ oneway: oneway operations must have a `void` return type
  @ test.idl:4:12

 2 │ interface Service {
 3 │     oneway string getMessage();  // oneway cannot return a value
 4 │     oneway long calculate(in long x, in long y);
   │     ˆˆˆˆˆˆ ˆˆˆˆ non-void return type
   │     └─ declared as oneway here
 5 │ };

  ? change the return type to `void`
