---
source: crates/ic-lint/tests/oneway.rs
expression: test_lint(source)
---
error[oneway]: oneway operations cannot have `out` parameters
   ┌ test.idl:3:35
   │
 3 │     oneway void update(inout long value);  // oneway cannot have inout parameters
   ·     ^^^^^^                        ^^^^^ `out` parameter
   ·     └─ declared as oneway here
   └──
