---
source: crates/ic-lint/tests/prefer_enum_name.rs
expression: test_lint_hir(source)
---
! prefer-enum-name: prefer using enum member name 'OK' instead of numeric literal
  @ test.idl:8:18

  6 │ };
  7 │ 
  8 │ const HttpStatus S1 = 200;  // Should warn: prefer OK
    │                  ˆˆ consider using 'OK' instead of '200'
  9 │ const HttpStatus S2 = 404;  // Should warn: prefer NOT_FOUND
 10 │ const HttpStatus S3 = 500;  // Should warn: prefer SERVER_ERROR

! prefer-enum-name: prefer using enum member name 'NOT_FOUND' instead of numeric literal
  @ test.idl:9:18

  8 │ const HttpStatus S1 = 200;  // Should warn: prefer OK
  9 │ const HttpStatus S2 = 404;  // Should warn: prefer NOT_FOUND
    │                  ˆˆ consider using 'NOT_FOUND' instead of '404'
 10 │ const HttpStatus S3 = 500;  // Should warn: prefer SERVER_ERROR

! prefer-enum-name: prefer using enum member name 'SERVER_ERROR' instead of numeric literal
  @ test.idl:10:18

  8 │ const HttpStatus S1 = 200;  // Should warn: prefer OK
  9 │ const HttpStatus S2 = 404;  // Should warn: prefer NOT_FOUND
 10 │ const HttpStatus S3 = 500;  // Should warn: prefer SERVER_ERROR
    │                  ˆˆ consider using 'SERVER_ERROR' instead of '500'
