---
source: crates/ic-lint/tests/preproc_extraneous.rs
expression: "test_lint_preproc(r\"\n#define FOO\n#undef FOO extra tokens\nstruct Foo {};\n\",)"
---
! extra-tokens: extra tokens after #undef directive
  @ test.idl:3:12

 2 │ #define FOO
 3 │ #undef FOO extra tokens
   │            ˆˆˆˆˆˆˆˆˆˆˆˆ extraneous tokens
 4 │ struct Foo {};
