---
source: crates/ic-lint/tests/range_bound.rs
expression: test_lint_hir(source)
---
⨯ range-bound: @min value -1 is less than type minimum 0
  @ test.idl:4:10

 2 │ module MyModule {
 3 │     struct BadMin {
 4 │         @min(-1) char value;
   │          ˆˆˆ value out of bounds
 5 │     };
 6 │ };

  ? valid range is 0..127
