---
source: crates/ic-lint/tests/recursive_type.rs
expression: output
---
⨯ recursive-type: type `Node` has infinite size
  @ test.idl:5:22

 3 │     struct Node {
 4 │         long value;
 5 │         Node next;
   │              ˆˆˆˆ `Node` contains `Node` here
 6 │     };
 7 │ };

  ? break the cycle with an indirection
  * cycle: Node -> Node
