---
source: crates/ic-lint/tests/scoped_lit.rs
expression: test_lint(source)
---
! scoped-lit: scoped enums are non-standard
  @ test.idl:8:37

  6 │ };
  7 │ 
  8 │ const Color DEFAULT_COLOR = Color::RED;
    │                             ˆˆˆˆˆ used here
  9 │ const Color SECONDARY = Color::GREEN;

  ? use `RED` instead of `Color::RED`
  * enumerators are registered in the parent scope

! scoped-lit: scoped enums are non-standard
  @ test.idl:9:33

  8 │ const Color DEFAULT_COLOR = Color::RED;
  9 │ const Color SECONDARY = Color::GREEN;
    │                         ˆˆˆˆˆ used here

  ? use `GREEN` instead of `Color::GREEN`
  * enumerators are registered in the parent scope
