---
source: crates/ic-lint/tests/scoped_lit.rs
expression: test_lint(source)
---
warning[assign-expr]: assignment operator on bitmask flags is non-standard
   ┌ test.idl:3:20
   │
 2 │         bitmask Permissions {
 3 │             READ = 0x01,
   ·                    ^^^^ 
 4 │             WRITE = 0x02,
 5 │             EXECUTE = 0x04
   └──
 help: use the `@position` annotation instead

warning[assign-expr]: assignment operator on bitmask flags is non-standard
   ┌ test.idl:4:21
   │
 2 │         bitmask Permissions {
 3 │             READ = 0x01,
 4 │             WRITE = 0x02,
   ·                     ^^^^ 
 5 │             EXECUTE = 0x04
 6 │         };
   └──
 help: use the `@position` annotation instead

warning[assign-expr]: assignment operator on bitmask flags is non-standard
   ┌ test.idl:5:23
   │
 3 │             READ = 0x01,
 4 │             WRITE = 0x02,
 5 │             EXECUTE = 0x04
   ·                       ^^^^ 
 6 │         };
 7 │ 
 8 │         const Permissions DEFAULT_PERMS = Permissions::READ | Permissions::WRITE;
   └──
 help: use the `@position` annotation instead

warning[scoped-lit]: scoped bitmasks are non-standard
   ┌ test.idl:8:43
   │
 5 │             EXECUTE = 0x04
 6 │         };
 7 │ 
 8 │         const Permissions DEFAULT_PERMS = Permissions::READ | Permissions::WRITE;
   ·                                           ^^^^^^^^^^^ used here
   └──
 help: use `READ` instead of `Permissions::READ`
 note: bitmask flags are registered in the parent scope

warning[scoped-lit]: scoped bitmasks are non-standard
   ┌ test.idl:8:63
   │
 5 │             EXECUTE = 0x04
 6 │         };
 7 │ 
 8 │         const Permissions DEFAULT_PERMS = Permissions::READ | Permissions::WRITE;
   ·                                                               ^^^^^^^^^^^ used here
   └──
 help: use `WRITE` instead of `Permissions::WRITE`
 note: bitmask flags are registered in the parent scope
