---
source: crates/ic-lint/tests/scoped_lit.rs
expression: test_lint(source)
---
warning: scoped enums are an InterCOM extension
   ┌ test.idl:9:43
   │
 9 │         const Types::Result GOOD = Types::Result::SUCCESS;
   ·                                           ^^^^^^ used here
   └──
 help: use `SUCCESS` instead of `Result::SUCCESS`
 note: enumerators are registered in the parent scope
