---
source: crates/ic-lint/tests/shift_bound.rs
expression: test_lint(source)
---
! shift-bound: bitshift expressions in template bounds are not portable
  @ test.idl:2:25

 2 │ typedef fixed<1 << 4, 2 >> 1> BoundedFixed;
   │                 ˆˆ this shift operator

  ? consider using a constant instead
  * other IDL compilers may not support bitshift expressions in template bounds

! shift-bound: bitshift expressions in template bounds are not portable
  @ test.idl:2:33

 2 │ typedef fixed<1 << 4, 2 >> 1> BoundedFixed;
   │                         ˆˆ this shift operator

  ? consider using a constant instead
  * other IDL compilers may not support bitshift expressions in template bounds
