---
source: crates/ic-lint/tests/union_key.rs
expression: test_lint_hir(source)
---
⨯ annotation-target: `@optional` cannot be applied to union discriminators
  @ test.idl:7:26

 5 │ };
 6 │ 
 7 │ union StatusData switch(@optional Status) {
   │                          ˆˆˆˆˆˆˆˆ invalid annotation target
 8 │ case OK:
 9 │     string message;

  ? the annotation only can be applied to annotation members, struct members, union members, typedefs, exception members or valuetype members
