---
source: crates/ic-lint/tests/union_key.rs
expression: test_lint_hir(source)
---
error[invalid-annotation-target]: @key can only be applied to struct fields
   ┌ test.idl:4:6
   │
 2 │ union CharUnion switch(@optional char) {
 3 │ case 'a':
 4 │     @key string a_value;
   ·      ^^^ invalid annotation target
 5 │ case 'b':
 6 │     string b_value;
   └──

error[union-key]: union discriminator for 'CharUnion' cannot be @optional
   ┌ test.idl:2:25
   │
 2 │ union CharUnion switch(@optional char) {
   ·                         ^^^^^^^^ @optional not allowed on discriminator
 3 │ case 'a':
 4 │     @key string a_value;
   └──
 help: remove @optional from the discriminator
 note: union discriminators must always be present

error[union-key]: union variant 'a_value' cannot use @key
   ┌ test.idl:4:6
   │
 2 │ union CharUnion switch(@optional char) {
 3 │ case 'a':
 4 │     @key string a_value;
   ·      ^^^ @key not allowed on union variant
 5 │ case 'b':
 6 │     string b_value;
   └──
 help: remove @key from the variant or move it to the discriminator
 note: only the union discriminator can be marked as @key

warning[char-discriminator]: char types should not be used as union discriminators
   ┌ test.idl:2:34
   │
 2 │ union CharUnion switch(@optional char) {
   ·                                  ^^^^ char type
 3 │ case 'a':
 4 │     @key string a_value;
   └──
 help: consider using an integer or enum value instead
