---
source: crates/ic-lint/tests/union_key.rs
expression: test_lint_hir(source)
---
⨯ annotation-target: `@optional` cannot be applied to union discriminators
  @ test.idl:2:26

 2 │ union EmptyUnion switch(@optional long) {
   │                          ˆˆˆˆˆˆˆˆ invalid annotation target
 3 │ default:
 4 │     long value;

  ? the annotation only can be applied to annotation members, struct members, union members, typedefs, exception members or valuetype members
