---
source: crates/ic-lint/tests/union_key.rs
expression: test_lint_hir(source)
---
⨯ annotation-target: `@optional` cannot be applied to union discriminators
  @ test.idl:2:21

 2 │ union Inner switch(@optional boolean) {
   │                     ˆˆˆˆˆˆˆˆ invalid annotation target
 3 │ case TRUE:
 4 │     string value;

  ? the annotation only can be applied to annotation members, struct members, union members, typedefs, exception members or valuetype members

⨯ annotation-target: `@key` cannot be applied to union members
  @ test.idl:11:6

  9 │ union Outer switch(long) {
 10 │ case 1:
 11 │     @key Inner inner;
    │      ˆˆˆ invalid annotation target
 12 │ };

  ? the annotation only can be applied to struct members or union discriminators
