---
source: crates/ic-lint/tests/union_key.rs
expression: test_lint_hir(source)
---
⨯ annotation-target: `@optional` cannot be applied to union discriminators
  @ test.idl:2:31

 2 │ union MultiViolations switch(@optional long) {
   │                               ˆˆˆˆˆˆˆˆ invalid annotation target
 3 │ case 1:
 4 │     @key string first;

  ? the annotation only can be applied to annotation members, struct members, union members, typedefs, exception members or valuetype members

⨯ annotation-target: `@key` cannot be applied to union members
  @ test.idl:4:6

 2 │ union MultiViolations switch(@optional long) {
 3 │ case 1:
 4 │     @key string first;
   │      ˆˆˆ invalid annotation target
 5 │ case 2:
 6 │     @key long second;

  ? the annotation only can be applied to struct members or union discriminators

⨯ annotation-target: `@key` cannot be applied to union members
  @ test.idl:6:6

 4 │     @key string first;
 5 │ case 2:
 6 │     @key long second;
   │      ˆˆˆ invalid annotation target
 7 │ };

  ? the annotation only can be applied to struct members or union discriminators
