---
source: crates/ic-lint/tests/union_case_type_mismatch.rs
expression: test_lint_hir(source)
---
error[disc_mismatch]: case label `X` is from enum `Secondary`, but discriminator is of type `Primary`
   ┌ test.idl:8:20
   │
 8 │     case X: string x;  // Wrong: from Secondary
   ·                    ^ mismatched case label
   └──

error[disc_mismatch]: case label `Y` is from enum `Secondary`, but discriminator is of type `Primary`
   ┌ test.idl:9:20
   │
 9 │     case Y: string y;  // Wrong: from Secondary
   ·                    ^ mismatched case label
   └──

error[disc_mismatch]: case label `P` is from enum `Tertiary`, but discriminator is of type `Primary`
    ┌ test.idl:11:20
    │
 11 │     case P: string p;  // Wrong: from Tertiary
    ·                    ^ mismatched case label
    └──
