---
source: crates/ic-lint/tests/union_key.rs
expression: test_lint_hir(source)
---
⨯ annotation-target: `@key` cannot be applied to union members
  @ test.idl:4:6

 2 │ union KeyMember switch(long) {
 3 │ case 1:
 4 │     @key string value;
   │      ˆˆˆ invalid annotation target
 5 │ };

  ? the annotation only can be applied to struct members or union discriminators
