---
source: crates/ic-lint/tests/unknown_annotation.rs
assertion_line: 207
expression: output
---
warning[unknown-annotation]: unknown annotation `optoinal`
   ┌ test.idl:3:14
   │
 2 │         struct TestStruct {
 3 │             @optoinal
   ·              ^^^^^^^^ annotation not found
 4 │             long field;
 5 │         };
   └──
 help: did you mean `@optional`?
