---
source: crates/ic-lint/tests/unknown_annotation.rs
assertion_line: 194
expression: output
---
warning[unknown-annotation]: unknown annotation `ky`
   ┌ test.idl:3:14
   │
 2 │         struct TestStruct {
 3 │             @ky
   ·              ^^ annotation not found
 4 │             long field;
 5 │         };
   └──
 help: did you mean `@key`?
