---
source: crates/ic-lint/tests/unknown_annotation.rs
expression: output
---
! unknown-ann: unknown annotation `UnknownException`
  @ test.idl:2:10

 2 │ @UnknownException
   │  ˆˆˆˆˆˆˆˆˆˆˆˆˆˆˆˆ annotation not found
 3 │ exception TestError {
 4 │     @UnknownMember

! unknown-ann: unknown annotation `UnknownMember`
  @ test.idl:4:14

 2 │ @UnknownException
 3 │ exception TestError {
 4 │     @UnknownMember
   │      ˆˆˆˆˆˆˆˆˆˆˆˆˆ annotation not found
 5 │     string message;
 6 │     long code;
