---
source: crates/ic-lint/tests/unused_include.rs
expression: test_lint_with_includes(source)
---
! unused-include: unused include `unused_annotation.idl`
  @ test.idl:2:18

 2 │ #include "unused_annotation.idl"
   │          ˆˆˆˆˆˆˆˆˆˆˆˆˆˆˆˆˆˆˆˆˆˆˆ unused include
 3 │ 
 4 │ struct LocalStruct {

  ? remove this include if it is not needed
