---
source: crates/ic-parse/tests/lexer_snapshot.rs
expression: tokens
---
[
    Token {
        span: Span {
            start: 644,
            end: 647,
        },
        kind: Char(
            Some(
                '0',
            ),
        ),
    },
    Token {
        span: Span {
            start: 648,
            end: 651,
        },
        kind: Char(
            Some(
                'a',
            ),
        ),
    },
    Token {
        span: Span {
            start: 652,
            end: 655,
        },
        kind: Char(
            Some(
                'b',
            ),
        ),
    },
    Token {
        span: Span {
            start: 656,
            end: 659,
        },
        kind: Char(
            Some(
                'z',
            ),
        ),
    },
    Token {
        span: Span {
            start: 660,
            end: 663,
        },
        kind: Char(
            Some(
                '_',
            ),
        ),
    },
    Token {
        span: Span {
            start: 664,
            end: 666,
        },
        kind: Char(
            None,
        ),
    },
    Token {
        span: Span {
            start: 667,
            end: 671,
        },
        kind: Char(
            Some(
                '\'',
            ),
        ),
    },
    Token {
        span: Span {
            start: 672,
            end: 673,
        },
        kind: Invalid,
    },
    Token {
        span: Span {
            start: 673,
            end: 677,
        },
        kind: Invalid,
    },
    Token {
        span: Span {
            start: 677,
            end: 678,
        },
        kind: Invalid,
    },
]
