---
source: crates/ic-parse/tests/lexer_snapshot.rs
expression: tokens
---
[
    Token {
        span: Span {
            start: 644,
            end: 658,
        },
        kind: Comment(
            "/// foobar baz",
        ),
    },
    Token {
        span: Span {
            start: 659,
            end: 676,
        },
        kind: Comment(
            "/// /* foo bar */",
        ),
    },
    Token {
        span: Span {
            start: 677,
            end: 706,
        },
        kind: Comment(
            "/// foo // bar // baz /// baz",
        ),
    },
    Token {
        span: Span {
            start: 708,
            end: 709,
        },
        kind: Slash,
    },
    Token {
        span: Span {
            start: 709,
            end: 710,
        },
        kind: Star,
    },
    Token {
        span: Span {
            start: 710,
            end: 711,
        },
        kind: Star,
    },
    Token {
        span: Span {
            start: 712,
            end: 715,
        },
        kind: Ident(
            "foo",
        ),
    },
    Token {
        span: Span {
            start: 716,
            end: 719,
        },
        kind: Ident(
            "bar",
        ),
    },
    Token {
        span: Span {
            start: 720,
            end: 721,
        },
        kind: Star,
    },
    Token {
        span: Span {
            start: 721,
            end: 722,
        },
        kind: Slash,
    },
    Token {
        span: Span {
            start: 724,
            end: 725,
        },
        kind: Slash,
    },
    Token {
        span: Span {
            start: 725,
            end: 726,
        },
        kind: Star,
    },
    Token {
        span: Span {
            start: 726,
            end: 727,
        },
        kind: Star,
    },
    Token {
        span: Span {
            start: 728,
            end: 731,
        },
        kind: Ident(
            "foo",
        ),
    },
    Token {
        span: Span {
            start: 733,
            end: 734,
        },
        kind: Star,
    },
    Token {
        span: Span {
            start: 735,
            end: 738,
        },
        kind: Ident(
            "bar",
        ),
    },
    Token {
        span: Span {
            start: 740,
            end: 741,
        },
        kind: Star,
    },
    Token {
        span: Span {
            start: 742,
            end: 745,
        },
        kind: Ident(
            "baz",
        ),
    },
    Token {
        span: Span {
            start: 747,
            end: 748,
        },
        kind: Star,
    },
    Token {
        span: Span {
            start: 749,
            end: 752,
        },
        kind: Ident(
            "foo",
        ),
    },
    Token {
        span: Span {
            start: 754,
            end: 755,
        },
        kind: Star,
    },
    Token {
        span: Span {
            start: 755,
            end: 756,
        },
        kind: Slash,
    },
]
