---
source: crates/ic-parse/tests/lexer_snapshot.rs
expression: tokens
---
[
    Token {
        span: Span {
            start: 644,
            end: 647,
        },
        kind: Ident(
            "foo",
        ),
    },
    Token {
        span: Span {
            start: 648,
            end: 652,
        },
        kind: Ident(
            "bar_",
        ),
    },
    Token {
        span: Span {
            start: 653,
            end: 657,
        },
        kind: Ident(
            "_baz",
        ),
    },
    Token {
        span: Span {
            start: 658,
            end: 665,
        },
        kind: Ident(
            "_struct",
        ),
    },
    Token {
        span: Span {
            start: 666,
            end: 672,
        },
        kind: Ident(
            "_union",
        ),
    },
    Token {
        span: Span {
            start: 673,
            end: 678,
        },
        kind: Ident(
            "_enum",
        ),
    },
    Token {
        span: Span {
            start: 679,
            end: 685,
        },
        kind: Ident(
            "xyz123",
        ),
    },
    Token {
        span: Span {
            start: 686,
            end: 690,
        },
        kind: Ident(
            "_123",
        ),
    },
    Token {
        span: Span {
            start: 691,
            end: 697,
        },
        kind: Ident(
            "東京",
        ),
    },
    Token {
        span: Span {
            start: 698,
            end: 708,
        },
        kind: Ident(
            "scooby_doo",
        ),
    },
    Token {
        span: Span {
            start: 709,
            end: 710,
        },
        kind: Ident(
            "_",
        ),
    },
    Token {
        span: Span {
            start: 711,
            end: 713,
        },
        kind: Ident(
            "__",
        ),
    },
]
