---
source: crates/ic-parse/tests/lexer_snapshot.rs
expression: tokens
---
[
    Token {
        span: Span {
            start: 644,
            end: 645,
        },
        kind: Decimal,
    },
    Token {
        span: Span {
            start: 646,
            end: 649,
        },
        kind: Decimal,
    },
    Token {
        span: Span {
            start: 650,
            end: 653,
        },
        kind: Decimal,
    },
    Token {
        span: Span {
            start: 654,
            end: 657,
        },
        kind: Decimal,
    },
    Token {
        span: Span {
            start: 658,
            end: 662,
        },
        kind: Octal,
    },
    Token {
        span: Span {
            start: 663,
            end: 668,
        },
        kind: Hex,
    },
    Token {
        span: Span {
            start: 669,
            end: 673,
        },
        kind: Hex,
    },
    Token {
        span: Span {
            start: 674,
            end: 682,
        },
        kind: Hex,
    },
    Token {
        span: Span {
            start: 683,
            end: 692,
        },
        kind: Float,
    },
    Token {
        span: Span {
            start: 693,
            end: 698,
        },
        kind: Float,
    },
    Token {
        span: Span {
            start: 699,
            end: 706,
        },
        kind: Float,
    },
    Token {
        span: Span {
            start: 707,
            end: 708,
        },
        kind: Invalid,
    },
    Token {
        span: Span {
            start: 708,
            end: 712,
        },
        kind: Float,
    },
]
