---
source: crates/ic-parse/tests/lexer_snapshot.rs
expression: tokens
---
[
    Token {
        span: Span {
            start: 644,
            end: 652,
        },
        kind: StringLit,
    },
    Token {
        span: Span {
            start: 653,
            end: 666,
        },
        kind: StringLit,
    },
    Token {
        span: Span {
            start: 667,
            end: 672,
        },
        kind: StringLit,
    },
    Token {
        span: Span {
            start: 673,
            end: 693,
        },
        kind: StringLit,
    },
    Token {
        span: Span {
            start: 694,
            end: 698,
        },
        kind: StringLit,
    },
    Token {
        span: Span {
            start: 699,
            end: 708,
        },
        kind: StringLit,
    },
    Token {
        span: Span {
            start: 709,
            end: 711,
        },
        kind: StringLit,
    },
]
