---
source: crates/ic-hir/tests/annotation_tests.rs
expression: diagnostics
---
⨯: cannot mix named and positional annotation arguments
  @ test.idl:9:15

  8 │ // Mixed named and positional - should warn
  9 │ @test(5, b=10, c=15)
    │       ˆ this argument should be named
 10 │ struct Mixed {
 11 │     long value;
⨯: missing required annotation parameter `a`
  @ test.idl:9:10

  8 │ // Mixed named and positional - should warn
  9 │ @test(5, b=10, c=15)
    │  ˆˆˆˆ annotation parameter missing
 10 │ struct Mixed {
 11 │     long value;
