---
source: crates/ic-hir/tests/annotation_tests.rs
assertion_line: 307
expression: diagnostics
---
error: cannot mix named and positional annotation arguments
    ┌ test.idl:9:15
    │
  6 │         };
  7 │ 
  8 │         // Mixed named and positional - should warn
  9 │         @test(5, b=10, c=15)
    ·               ^ this argument should be named
 10 │         struct Mixed {
 11 │             long value;
    └──
error: missing required annotation parameter `a`
    ┌ test.idl:9:10
    │
  6 │         };
  7 │ 
  8 │         // Mixed named and positional - should warn
  9 │         @test(5, b=10, c=15)
    ·          ^^^^ annotation parameter missing
 10 │         struct Mixed {
 11 │             long value;
    └──
