---
source: crates/ic-hir/tests/annotation_tests.rs
expression: diagnostics
---
⨯: positional arguments not allowed for multi-parameter annotations
  @ test.idl:8:10

  7 │ // This should produce a warning
  8 │ @my_range(0, 10)
    │  ˆˆˆˆˆˆˆˆ use named arguments instead
  9 │ struct BadRange {
 10 │     long value;
