---
source: crates/ic-hir/tests/annotation_redefinition.rs
expression: diagnostics
---
⨯: inconsistent redefinition of annotation `@my_doc`
  @ test.idl:2:21

 2 │ @annotation my_doc {
   │             ˆˆˆˆˆˆ originally defined here
 3 │     string value;
 4 │ };
 5 │ 
 6 │ @annotation my_doc {
   │             ˆˆˆˆˆˆ redefined inconsistently here
 7 │     string description;
 8 │ };

  * annotation redefinitions must have the same parameters, types, and defaults
