---
source: crates/ic-hir/tests/array_init_test.rs
expression: output
---
⨯: map entry must have exactly 2 elements (key and value)
  @ test.idl:3:13

 2 │ const map<string, int32> AGE_MAP = {
 3 │     { "Alice" },  // Missing value
   │     ˆˆˆˆˆˆˆˆˆˆˆ expected {key, value}
 4 │     { "Bob", 25 }
 5 │ };
