---
source: crates/ic-hir/tests/attribute_exceptions_test.rs
expression: diagnostics
---
⨯: 'NotAnException' is not an exception type
  @ test.idl:7:53

 6 │ interface Foo {
 7 │     readonly attribute string value raises (NotAnException);
   │                                             ˆˆˆˆˆˆˆˆˆˆˆˆˆˆ not an exception
 8 │ };
