---
source: crates/ic-hir/tests/builtin_annotation_warning.rs
assertion_line: 41
expression: diagnostics
---
warning: @range has 2 parameters and requires named arguments
   ┌ test.idl:3:10
   │
 3 │         @range(0, 10)
   ·          ^^^^^ use named arguments for annotations with multiple parameters
   └──
