---
source: crates/ic-hir/tests/case_consistency_warnings.rs
expression: compile_idl_with_warnings(idl)
---
warning: inconsistent capitalization: `myinterface` should be `MyInterface`
    ┌ test.idl:9:13
    │
  6 │         };
  7 │ 
  8 │         struct Test {
  9 │             myinterface::nestedtype field1;
    ·             ^^^^^^^^^^^ module name used here
 10 │             MyInterface::NESTEDTYPE field2;
 11 │             MyInterface::NestedType field3; // Correct
    └──
 note: the canonical module name is `MyInterface`
warning: inconsistent capitalization: `nestedtype` should be `NestedType`
    ┌ test.idl:9:26
    │
  6 │         };
  7 │ 
  8 │         struct Test {
  9 │             myinterface::nestedtype field1;
    ·                          ^^^^^^^^^^ used here
 10 │             MyInterface::NESTEDTYPE field2;
 11 │             MyInterface::NestedType field3; // Correct
    └──
 note: the canonical name is `NestedType`
warning: inconsistent capitalization: `NESTEDTYPE` should be `NestedType`
    ┌ test.idl:10:26
    │
  8 │         struct Test {
  9 │             myinterface::nestedtype field1;
 10 │             MyInterface::NESTEDTYPE field2;
    ·                          ^^^^^^^^^^ used here
 11 │             MyInterface::NestedType field3; // Correct
 12 │         };
    └──
 note: the canonical name is `NestedType`
