---
source: crates/ic-hir/tests/case_consistency_warnings.rs
expression: compile_idl_with_warnings(idl)
---
⨯: inconsistent capitalization: `kind` should be `Kind`
  @ test.idl:7:31

 5 │ };
 6 │ 
 7 │ union MyUnion switch (kind) {  // Discriminator type wrong
   │                       ˆˆˆˆ used here
 8 │     case INT: long intValue;
 9 │     case STRING: string strValue;

  * the canonical name is `Kind`
⨯: inconsistent capitalization: `myunion` should be `MyUnion`
  @ test.idl:13:13

 12 │ struct Test {
 13 │     myunion field1;
    │     ˆˆˆˆˆˆˆ used here
 14 │     MYUNION field2;
 15 │     MyUnion field3; // Correct

  * the canonical name is `MyUnion`
⨯: inconsistent capitalization: `MYUNION` should be `MyUnion`
  @ test.idl:14:13

 12 │ struct Test {
 13 │     myunion field1;
 14 │     MYUNION field2;
    │     ˆˆˆˆˆˆˆ used here
 15 │     MyUnion field3; // Correct
 16 │ };

  * the canonical name is `MyUnion`
