---
source: crates/ic-hir/tests/case_consistency_warnings.rs
expression: compile_idl_with_warnings(idl)
---
warning: inconsistent capitalization: `status` should be `Status`
   ┌ test.idl:8:13
   │
 8 │             status field1;
   ·             ^^^^^^ used here
   └──
 note: the canonical name is `Status`
warning: inconsistent capitalization: `STATUS` should be `Status`
   ┌ test.idl:9:13
   │
 9 │             STATUS field2;
   ·             ^^^^^^ used here
   └──
 note: the canonical name is `Status`
