---
source: crates/ic-hir/tests/case_consistency_warnings.rs
expression: compile_idl_with_warnings(idl)
---
error: inconsistent capitalization: `mystruct` should be `MyStruct`
   ┌ test.idl:7:13
   │
 4 │         };
 5 │ 
 6 │         struct Test {
 7 │             mystruct field1;
   ·             ^^^^^^^^ used here
 8 │             MYSTRUCT field2;
 9 │             MyStruct field3; // Correct
   └──
 note: the canonical name is `MyStruct`
error: inconsistent capitalization: `MYSTRUCT` should be `MyStruct`
    ┌ test.idl:8:13
    │
  6 │         struct Test {
  7 │             mystruct field1;
  8 │             MYSTRUCT field2;
    ·             ^^^^^^^^ used here
  9 │             MyStruct field3; // Correct
 10 │         };
    └──
 note: the canonical name is `MyStruct`
