---
source: crates/ic-hir/tests/const_enum_ref_test.rs
expression: output
---
error: undefined constant or enum value `UNDEFINED_VAR`
   ┌ test.idl:2:27
   │
 2 │         const int32 BAD = UNDEFINED_VAR;
   ·                           ^^^^^^^^^^^^^ evaluation error
   └──
 note: check that the name is spelled correctly
