---
source: crates/ic-hir/tests/const_type_mismatch_test.rs
expression: output
---
⨯: constant 'MY_BOOL' of type boolean cannot be assigned to string
  @ test.idl:3:28

 2 │ const boolean MY_BOOL = true;
   │               ˆˆˆˆˆˆˆ 'MY_BOOL' declared as boolean here
 3 │ const string FOO = MY_BOOL;
   │                    ˆˆˆˆˆˆˆ incompatible types
