---
source: crates/ic-hir/tests/const_enum_ref_test.rs
expression: output
---
⨯: undefined constant or enum value `MyEnum::UNDEFINED`
  @ test.idl:7:27

 5 │ };
 6 │ 
 7 │ const int32 BAD = MyEnum::UNDEFINED;
   │                   ˆˆˆˆˆˆˆˆˆˆˆˆˆˆˆˆˆ evaluation error

  * check that the name is spelled correctly
