---
source: crates/ic-hir/tests/duplicate_bitset_test.rs
expression: diagnostics
---
⨯: duplicate definition of `Flags`
  @ test.idl:2:16

  2 │ bitset Flags {
    │        ˆˆˆˆˆ originally defined here
  3 │     bitfield<1> enable;
  4 │     bitfield<1> ready;
  ··· │
  7 │ // This should trigger a duplicate definition error
  8 │ bitset Flags {
    │        ˆˆˆˆˆ redefined here
  9 │     bitfield<2> status;
 10 │ };
