---
source: crates/ic-hir/tests/enum_test.rs
expression: errors
---
⨯: enum value must be an integer
  @ test.idl:3:17

 2 │ enum TestEnum {
 3 │     A = 'A',
   │         ˆˆˆ expected integer value
 4 │     @value("abc")
 5 │     B
⨯: string value cannot be assigned to type int64
  @ test.idl:4:20

 2 │ enum TestEnum {
 3 │     A = 'A',
 4 │     @value("abc")
   │            ˆˆˆˆˆ incompatible types
 5 │     B
 6 │ };
