---
source: crates/ic-hir/tests/float_precision_warning_test.rs
expression: diagnostics
---
warning: implicit conversion from 'double' to 'int32' changes value from 3.14159 to 3
   ┌ test.idl:4:34
   │
 2 │         const double PI = 3.14159;
 3 │         const int32 TRUNCATED_PI = PI;  // No warning - not a literal
 4 │         const int32 LITERAL_PI = 3.14159;  // Warning - direct literal
   ·                                  ^^^^^^^ precision loss here
   └──
