---
source: crates/ic-hir/tests/float_precision_warning_test.rs
assertion_line: 100
expression: diagnostics
---
warning: implicit conversion from 'double' to 'int32' changes value from 3.14159 to 3
   ┌ test.idl:4:34
   │
 4 │         const int32 LITERAL_PI = 3.14159;  // Warning - direct literal
   ·                                  ^^^^^^^ precision loss here
   └──
