---
source: crates/ic-hir/tests/forward_inheritance_test.rs
expression: diagnostics
---
error: interface `Derived` cannot inherit from incomplete type `Base`
   ┌ test.idl:4:9
   │
 4 │         interface Derived : Base {  // Should fail - inheriting from incomplete type
   ·         ^^^^^^^^^^^^^^^^^^^^^^^^^^^^^^^^^^^^^^^^^^^^^^^^^^^^^^^^^^^^^^^^^^^^^^^^^^^^ invalid inheritance
 5 │             void method();
   · 
 6 │         };
   · ^^^^^^^^^^
 2 │         interface Base;  // Forward declaration
   ·                   ^^^^ forward declaration here, but no definition found
   └──
