---
source: crates/ic-hir/tests/forward_decl_span_test.rs
expression: diagnostics
---
⨯: struct `A` cannot inherit from incomplete type `B`
  @ test.idl:4:20

 2 │ struct A;
 3 │ struct B;
   │        ˆ parent type is only forward declared
 4 │ struct A : B {};
   │            ˆ invalid inheritance
 5 │ 
 6 │ struct B {};
