---
source: crates/ic-hir/tests/forward_decl_span_test.rs
expression: diagnostics
---
error: struct `A` cannot inherit from incomplete type `B`
   ┌ test.idl:4:20
   │
 4 │         struct A : B {};
   ·                    ^ invalid inheritance
 3 │         struct B;
   ·                ^ parent type is only forward declared
   └──
