---
source: crates/ic-hir/tests/forward_inheritance_test.rs
expression: diagnostics
---
⨯: interface `Derived` cannot inherit from incomplete type `Base`
  @ test.idl:4:29

 2 │ interface Base;  // Forward declaration
   │           ˆˆˆˆ parent type is only forward declared
 3 │ 
 4 │ interface Derived : Base {  // Should fail - inheriting from incomplete type
   │                     ˆˆˆˆ invalid inheritance
 5 │     void method();
 6 │ };
