---
source: crates/ic-hir/tests/forward_declarations_test.rs
expression: diagnostics
---
error: duplicate definition of `Foo`
   ┌ test.idl:6:16
   │
 6 │         struct Foo {  // Duplicate!
   ·                ^^^ redefined here
 2 │         struct Foo {
   ·                ^^^ first defined here
   └──
error: duplicate definition of `Foo`
   ┌ test.idl:6:9
   │
 6 │         struct Foo {  // Duplicate!
   ·         ^^^^^^^^^^^^^^^^^^^^^^^^^^^ redefined here
 7 │             double y;
   · 
 8 │         };
   · ^^^^^^^^^^
 2 │         struct Foo {
   ·         ^^^^^^^^^^^^ first defined here
 3 │             long x;
   · 
 4 │         };
   · ^^^^^^^^^^
   └──
error: multiple definitions of struct `Foo`
   ┌ test.idl:6:9
   │
 6 │         struct Foo {  // Duplicate!
   ·         ^^^^^^^^^^^^^^^^^^^^^^^^^^^ redefined here
 7 │             double y;
   · 
 8 │         };
   · ^^^^^^^^^^
 2 │         struct Foo {
   ·         ^^^^^^^^^^^^ first defined here
 3 │             long x;
   · 
 4 │         };
   · ^^^^^^^^^^
   └──
