---
source: crates/ic-hir/tests/forward_ref_update_test.rs
expression: diagnostics
---
error: interface `Derived` cannot inherit from incomplete type `Base`
   ┌ test.idl:6:9
   │
 6 │         interface Derived : Base {
   ·         ^^^^^^^^^^^^^^^^^^^^^^^^^^ invalid inheritance
 7 │             void method();
   · 
 8 │         };
   · ^^^^^^^^^^
 3 │         interface Base;
   ·                   ^^^^ forward declaration here, but no definition found
   └──
