---
source: crates/ic-hir/tests/forward_declarations_test.rs
expression: diagnostics
---
error: duplicate definition of `Foo`
   ┌ test.idl:2:16
   │
 2 │         struct Foo {
   ·                ^^^ originally defined here
 6 │         struct Foo {  // Duplicate!
   ·                ^^^ redefined here
   └──
