---
source: crates/ic-hir/tests/forward_ref_update_test.rs
expression: diagnostics
---
error: interface `Derived` cannot inherit from incomplete type `Base`
   ┌ test.idl:6:29
   │
 2 │         // Forward declare base
 3 │         interface Base;
   ·                   ^^^^ parent type is only forward declared
 4 │ 
 5 │         // Inherit from forward declaration - this should fail
 6 │         interface Derived : Base {
   ·                             ^^^^ invalid inheritance
 7 │             void method();
 8 │         };
   └──
