---
source: crates/ic-hir/tests/forward_decl_span_test.rs
expression: diagnostics
---
⨯: interface `IDerived` cannot inherit from incomplete type `IBase`
  @ test.idl:3:30

 2 │ interface IBase;
   │           ˆˆˆˆˆ parent type is only forward declared
 3 │ interface IDerived : IBase {
   │                      ˆˆˆˆˆ invalid inheritance
 4 │     void method();
 5 │ };
