---
source: crates/ic-hir/tests/forward_valuetype_inheritance_test.rs
expression: diagnostics
---
error: valuetype `Derived` cannot inherit from incomplete type `OnlyForward`
   ┌ test.idl:4:29
   │
 4 │         valuetype Derived : OnlyForward {};
   ·                             ^^^^^^^^^^^ invalid inheritance
 2 │         valuetype OnlyForward;
   ·                   ^^^^^^^^^^^ parent type is only forward declared
   └──
error: type `OnlyForward` is declared but not defined
   ┌ test.idl:2:19
   │
 2 │         valuetype OnlyForward;
   ·                   ^^^^^^^^^^^ declared here
   └──
