---
source: crates/ic-hir/tests/forward_ref_update_test.rs
expression: diagnostics
---
error: interface `Derived` cannot inherit from incomplete type `Base`
   ┌ test.idl:6:29
   │
 6 │         interface Derived : Base {
   ·                             ^^^^ invalid inheritance
 3 │         interface Base;
   ·                   ^^^^ parent type is only forward declared
   └──
