---
source: crates/ic-hir/tests/incomplete_type_inheritance.rs
expression: output
---
error: struct `A` cannot inherit from incomplete type `B`
   ┌ test.idl:6:20
   │
 6 │         struct A : B {
   ·                    ^ invalid inheritance
 3 │         struct B;
   ·                ^ parent type is only forward declared
   └──
error: struct `B` cannot inherit from incomplete type `C`
    ┌ test.idl:10:20
    │
 10 │         struct B : C {
    ·                    ^ invalid inheritance
  4 │         struct C;
    ·                ^ parent type is only forward declared
    └──
