---
source: crates/ic-hir/tests/incomplete_type_inheritance.rs
expression: output
---
error: interface `SelfRef` cannot inherit from incomplete type `SelfRef`
   ┌ test.idl:4:29
   │
 4 │         interface SelfRef : SelfRef {
   ·                             ^^^^^^^ invalid inheritance
 2 │         interface SelfRef;
   ·                   ^^^^^^^ parent type is only forward declared
   └──
