---
source: crates/ic-hir/tests/incomplete_type_inheritance.rs
expression: output
---
error: interface `A` cannot inherit from incomplete type `B`
   ┌ test.idl:6:9
   │
 6 │         interface A : B, C {
   ·         ^^^^^^^^^^^^^^^^^^^^ invalid inheritance
 7 │             void methodA();
   · 
 8 │         };
   · ^^^^^^^^^^
 3 │         interface B;
   ·                   ^ forward declaration here, but no definition found
   └──
error: interface `A` cannot inherit from incomplete type `C`
   ┌ test.idl:6:9
   │
 6 │         interface A : B, C {
   ·         ^^^^^^^^^^^^^^^^^^^^ invalid inheritance
 7 │             void methodA();
   · 
 8 │         };
   · ^^^^^^^^^^
 4 │         interface C;
   ·                   ^ forward declaration here, but no definition found
   └──
