---
source: crates/ic-hir/tests/incomplete_type_inheritance.rs
expression: output
---
error: interface `Foo` cannot inherit from incomplete type `Bar`
   ┌ test.idl:5:9
   │
 5 │         interface Foo : Bar {
   ·         ^^^^^^^^^^^^^^^^^^^^^ inherits from incomplete type here
 6 │             void method1();
   · 
 7 │         };
   · ^^^^^^^^^^
 3 │         interface Bar;
   ·                   ^^^ parent type is only forward declared
   └──
