---
source: crates/ic-hir/tests/incomplete_type_inheritance.rs
expression: output
---
⨯: struct `A` cannot inherit from incomplete type `B`
  @ test.idl:5:20

 2 │ struct A;
 3 │ struct B;
   │        ˆ parent type is only forward declared
 4 │ 
 5 │ struct A : B {
   │            ˆ invalid inheritance
 6 │     long x;
 7 │ };
