---
source: crates/ic-hir/tests/incomplete_type_inheritance.rs
expression: output
---
error: struct `SelfRef` cannot inherit from incomplete type `SelfRef`
   ┌ test.idl:4:26
   │
 4 │         struct SelfRef : SelfRef {
   ·                          ^^^^^^^ invalid inheritance
 2 │         struct SelfRef;
   ·                ^^^^^^^ parent type is only forward declared
   └──
