---
source: crates/ic-hir/tests/inherit_incomplete_type.rs
expression: diagnostics
---
error: struct `MyStruct` inherits from non-struct type `Color`
   ┌ test.idl:3:9
   │
 3 │         struct MyStruct : Color {
   ·         ^^^^^^^^^^^^^^^^^^^^^^^^^ inherits here
 4 │             long field;
   · 
 5 │         };
   · ^^^^^^^^^^
 2 │         enum Color { RED, GREEN, BLUE };
   ·              ^^^^^ enum defined here
   └──
