---
source: crates/ic-hir/tests/inherit_incomplete_type.rs
assertion_line: 55
expression: diagnostics
---
error: interface `IDerived` cannot inherit from incomplete type `IBase`
   ┌ test.idl:3:9
   │
 3 │         interface IDerived : IBase {
   ·         ^^^^^^^^^^^^^^^^^^^^^^^^^^^^ invalid inheritance
 4 │             void method();
   · 
 5 │         };
   · ^^^^^^^^^^
 2 │         interface IBase;
   ·                   ^^^^^ forward declaration here, but no definition found
   └──
error: type `IBase` is declared but not defined
   ┌ test.idl:2:9
   │
 2 │         interface IBase;
   ·         ^^^^^^^^^^^^^^^^ declared here
   └──
