---
source: crates/ic-hir/tests/merge_test.rs
expression: output
---
error: conflicting definitions for `Foo`
   ┌ file1.idl:1:8
   │
 1 │ struct Foo {};
   ·        ^^^ first defined here
   └──
   ┌ file2.idl:1:8
   │
 1 │ struct Foo {
   ·        ^^^ redefined here
 2 │     string value;
 3 │ };
   └──
