---
source: crates/ic-hir/tests/merge_test.rs
expression: output
---
error: conflicting definitions for `Point`
   ┌ shapes.idl:2:8
   │
 2 │ struct Point { long x; };
   ·        ^^^^^ first defined here
 3 │ enum Color { RED, GREEN };
   └──
   ┌ graphics.idl:2:8
   │
 2 │ struct Point { long x; long y; };
   ·        ^^^^^ redefined here
 3 │ enum Color { RED, GREEN, BLUE };
   └──

error: conflicting definitions for `Color`
   ┌ shapes.idl:3:6
   │
 2 │ struct Point { long x; };
 3 │ enum Color { RED, GREEN };
   ·      ^^^^^ first defined here
   └──
   ┌ graphics.idl:3:6
   │
 2 │ struct Point { long x; long y; };
 3 │ enum Color { RED, GREEN, BLUE };
   ·      ^^^^^ redefined here
   └──

error: conflicting definitions for `RED`
   ┌ shapes.idl:3:14
   │
 2 │ struct Point { long x; };
 3 │ enum Color { RED, GREEN };
   ·              ^^^ first defined here
   └──
   ┌ graphics.idl:3:14
   │
 2 │ struct Point { long x; long y; };
 3 │ enum Color { RED, GREEN, BLUE };
   ·              ^^^ redefined here
   └──

error: conflicting definitions for `GREEN`
   ┌ shapes.idl:3:19
   │
 2 │ struct Point { long x; };
 3 │ enum Color { RED, GREEN };
   ·                   ^^^^^ first defined here
   └──
   ┌ graphics.idl:3:19
   │
 2 │ struct Point { long x; long y; };
 3 │ enum Color { RED, GREEN, BLUE };
   ·                   ^^^^^ redefined here
   └──
