---
source: crates/ic-hir/tests/module_reopening.rs
expression: diagnostics
---
⨯: inconsistent capitalization: module `Foo` was previously defined as `FOO`
  @ test.idl:8:16

  6 │ };
  7 │ 
  8 │ module Foo {
    │        ˆˆˆ module reopened here
  9 │     struct TypeB {
 10 │         TypeA a;  // Should resolve because type visibility is inherited
  2 │ module FOO {
    │        ˆˆˆ first defined here
  3 │     struct TypeA {
  4 │         long x;
