---
source: crates/ic-hir/tests/overflow_detection.rs
assertion_line: 90
expression: test_overflow(source)
---
error: bitmask bit position out of range
   ┌ test.idl:4:5
   │
 2 │ bitmask Flags {
 3 │     LAST_VALID = 63,
 4 │     OVERFLOW
   ·     ^^^^^^^^ bit position 64 exceeds maximum of 63 for 64-bit bitmask
 5 │ };
   └──
