---
source: crates/ic-hir/tests/overflow_detection.rs
expression: test_overflow(source)
---
warning: integer overflow in constant expression
   ┌ test.idl:3:24
   │
 3 │ const int32 OVERFLOW = MIN - 1;
   ·                        ^^^^^^^ overflow detected
   └──
 note: consider using a larger integer type if overflow was not intended
