---
source: crates/ic-hir/tests/path_error_spans_test.rs
expression: output
---
error: unresolved type `a::b::c::d::Invalid`
    ┌ test.idl:12:13
    │
 12 │             a::b::c::d::Invalid deep;       // Should highlight d
    ·             ^^^^^^^^^^^^^^^^^^^ unknown type
    └──

error: unresolved type `a::b::missing::c::Valid`
    ┌ test.idl:13:13
    │
 13 │             a::b::missing::c::Valid other;  // Should highlight missing
    ·             ^^^^^^^^^^^^^^^^^^^^^^^ unknown type
    └──
