---
source: crates/ic-hir/tests/path_error_spans_test.rs
expression: output
---
⨯: no type named 'Invalid' in module 'bar'
  @ test.idl:10:23

  8 │ struct Test {
  9 │     foo::bar::Valid valid;      // This should work
 10 │     foo::bar::Invalid invalid;  // Should highlight Invalid
    │               ˆˆˆˆˆˆˆ unknown type
 11 │     foo::baz::Something other;   // Should highlight baz
 12 │ };

⨯: no type named 'baz' in module 'foo'
  @ test.idl:11:18

  9 │     foo::bar::Valid valid;      // This should work
 10 │     foo::bar::Invalid invalid;  // Should highlight Invalid
 11 │     foo::baz::Something other;   // Should highlight baz
    │          ˆˆˆ unknown type
 12 │ };
