---
source: crates/ic-hir/tests/test_conflicting_forward_decls.rs
expression: diagnostics
---
⨯: `MyType` forward declared as both struct and union
  @ test.idl:2:16

 2 │ struct MyType;
   │        ˆˆˆˆˆˆ first forward declared as struct here
 3 │ union MyType;
   │       ˆˆˆˆˆˆ forward declared as union here
⨯: type `MyType` is declared but not defined
  @ test.idl:2:16

 2 │ struct MyType;
   │        ˆˆˆˆˆˆ declared here
 3 │ union MyType;
⨯: type `MyType` is declared but not defined
  @ test.idl:3:15

 2 │ struct MyType;
 3 │ union MyType;
   │       ˆˆˆˆˆˆ declared here
