---
source: crates/ic-hir/tests/test_int_to_string_type_mismatch.rs
assertion_line: 57
expression: diagnostics
---
error: constant `myValue`: floating-point value cannot be assigned to non-numeric type string
   ┌ test.idl:2:9
   │
 2 │         const string myValue = 3.14;
   ·         ^^^^^^^^^^^^^^^^^^^^^^^^^^^^ expected type string
   └──
