---
source: crates/ic-hir/tests/test_conflicting_forward_decls.rs
expression: diagnostics
---
error: `MyType` forward declared as both struct and union
   ┌ test.idl:2:16
   │
 2 │         struct MyType;
   ·                ^^^^^^ first forward declared as struct here
 3 │         union MyType;
   ·               ^^^^^^ forward declared as union here
   └──
error: type `MyType` is declared but not defined
   ┌ test.idl:2:16
   │
 2 │         struct MyType;
   ·                ^^^^^^ declared here
   └──
error: type `MyType` is declared but not defined
   ┌ test.idl:3:15
   │
 3 │         union MyType;
   ·               ^^^^^^ declared here
   └──
