---
source: crates/ic-hir/tests/test_int_to_string_type_mismatch.rs
expression: diagnostics
---
error: constant `value`: boolean value cannot be assigned to type string
   ┌ test.idl:2:9
   │
 2 │         const string value = TRUE;
   ·         ^^^^^^^^^^^^^^^^^^^^^^^^^^ expected type string
   └──
