---
source: crates/ic-hir/tests/test_conflicting_forward_decls.rs
assertion_line: 61
expression: diagnostics
---
error: `Foo` forward declared as both struct and union
   ┌ test.idl:3:9
   │
 3 │         union Foo;
   ·         ^^^^^^^^^^ forward declared as union here
 2 │         struct Foo;
   ·         ^^^^^^^^^^^ first forward declared as struct here
   └──
error: forward declaration of `Foo` as union conflicts with struct definition
   ┌ test.idl:3:9
   │
 3 │         union Foo;
   ·         ^^^^^^^^^^ forward declared here
 4 │         struct Foo {};
   ·         ^^^^^^^^^^^^^^ defined as struct here
   └──
