---
source: crates/ic-hir/tests/typecheck_test.rs
expression: diagnostics
---
error: constant 'MY_STR' of type string cannot be assigned to int32
   ┌ test.idl:3:27
   │
 2 │         const string MY_STR = "foo";
   ·                      ^^^^^^ 'MY_STR' declared as string here
 3 │         const int32 FOO = MY_STR;
   ·                           ^^^^^^ incompatible types
   └──
