---
source: crates/ic-hir/tests/typecheck_test.rs
expression: diagnostics
---
error: string literals cannot be used in arithmetic expressions
   ┌ test.idl:2:31
   │
 2 │         const string MY_STR = "foo";
   ·                               ^^^^^ evaluation error
   └──
 note: string literals can only be used in struct initialization or string constants
error: undefined constant or enum value `MY_STR`
   ┌ test.idl:3:27
   │
 3 │         const int32 FOO = MY_STR;
   ·                           ^^^^^^ evaluation error
   └──
 note: check that the name is spelled correctly
