---
source: crates/ic-hir/tests/union_discriminators.rs
expression: diagnostics
---
error: unresolved type `OCTET`
   ┌ test.idl:2:30
   │
 2 │         union Union1 switch (OCTET) {    // Uppercase
   ·                              ^^^^^ unknown type
   └──
error: unresolved type `Octet`
   ┌ test.idl:6:30
   │
 6 │         union Union2 switch (Octet) {    // Mixed case
   ·                              ^^^^^ unknown type
   └──
