---
source: crates/ic-hir/tests/union_discriminators.rs
expression: diagnostics
---
⨯: no type named 'OCTET' in this scope
  @ test.idl:2:30

 2 │ union Union1 switch (OCTET) {    // Uppercase
   │                      ˆˆˆˆˆ unknown type
 3 │     case 0: long x;
 4 │ };
⨯: no type named 'Octet' in this scope
  @ test.idl:6:30

 4 │ };
 5 │ 
 6 │ union Union2 switch (Octet) {    // Mixed case
   │                      ˆˆˆˆˆ unknown type
 7 │     case 1: string y;
 8 │ };
