---
source: crates/ic-hir/tests/union_discriminators.rs
assertion_line: 113
expression: diagnostics
---
error: unresolved type `OCTET`
   ┌ test.idl:2:30
   │
 2 │         union Union1 switch (OCTET) {    // Uppercase
   ·                              ^^^^^ unknown type
   └──
error: unresolved type `Octet`
   ┌ test.idl:6:30
   │
 6 │         union Union2 switch (Octet) {    // Mixed case
   ·                              ^^^^^ unknown type
   └──
error: union case label for variant `Union1::x`: integer value cannot be assigned to type null
   ┌ test.idl:3:18
   │
 3 │             case 0: long x;
   ·                  ^ expected type null
   └──
error: union case label for variant `Union2::y`: integer value cannot be assigned to type null
   ┌ test.idl:7:18
   │
 7 │             case 1: string y;
   ·                  ^ expected type null
   └──
error: invalid discriminator type for union `Union1`
   ┌ test.idl:2:30
   │
 2 │         union Union1 switch (OCTET) {    // Uppercase
   ·                              ^^^^^ discriminator must be an integral type
   └──
error: invalid discriminator type for union `Union2`
   ┌ test.idl:6:30
   │
 6 │         union Union2 switch (Octet) {    // Mixed case
   ·                              ^^^^^ discriminator must be an integral type
   └──
