---
source: crates/ic-hir/tests/valuetype_test.rs
expression: rendered
---
⨯: no type named 'Status' in this scope
  @ test.idl:4:20

 2 │ valuetype BadOrder {
 3 │     // Error: Status is used before it's defined
 4 │     public Status current_status;
   │            ˆˆˆˆˆˆ unknown type
 5 │ 
 6 │     enum Status {
⨯: no type named 'Data' in this scope
  @ test.idl:12:13

 11 │ // This would also fail
 12 │ Data getData();
    │ ˆˆˆˆ unknown type
 13 │ 
 14 │ struct Data {
