---
source: crates/ic-diagnostic/tests/debug_overlap_test.rs
expression: buf
---
⨯: nested structures
  @ test.idl:1:14

 1 │ void process(struct Data { int x; int y; } data);
   │              ˆˆˆˆˆˆˆˆˆˆˆˆˆˆˆˆˆˆˆˆˆˆˆˆˆˆˆˆˆˆ struct (should be blue)
   │                            │      └─ int y (should be green)
   │                            └─ int x (should be yellow)
