---
source: crates/ic-diagnostic/tests/debug_overlap_test.rs
expression: buf
---
error: nested structures
   ┌ test.idl:1:12
   │
 1 │ void process(struct Data { int x; int y; } data);
   ·              ^^^^^^^^^^^^^^^^^^^^^^^^^^^^^^ struct (should be blue)
   ·                            │      └─ int y (should be green)
   ·                            └─ int x (should be yellow)
   └──
