---
source: crates/ic-diagnostic/tests/multiline_test.rs
expression: buf
---
⨯: method spans multiple lines
  @ test.idl:3:11

 2 │ interface MyInterface {
 3 │     void myMethod(
   │           ˆˆˆˆˆˆˆˆ this method definition spans multiple lines
 4 │         int param1,
 5 │         string param2
 6 │     );
   │ ˆ
 7 │ }
