---
source: crates/ic-diagnostic/tests/truncation_test.rs
expression: buf
---
⨯: struct member `value` cannot be both @optional and @key
  @ test.idl:2:5

  1 │ struct Foo {
  2 │     @optional
    │     ˆˆˆˆˆˆˆˆˆ @optional annotation here
  3 │     @key
    │     ˆˆˆˆ @key annotation here
  ··· │
 34 │     string value;
    │            ˆˆˆˆˆ conflicting annotations on struct member
 35 │ };

  ? remove either @optional or @key
